Archive member included to satisfy reference by file (symbol)

d:/atmel studio/7.0/toolchain/arm/arm-gnu-toolchain/bin/../lib/gcc/arm-none-eabi/6.3.1/thumb/v8-m.base\libgcc.a(cmse_nonsecure_call.o)
                              main.o (__gnu_cmse_nonsecure_call)
d:/atmel studio/7.0/toolchain/arm/arm-gnu-toolchain/bin/../lib/gcc/arm-none-eabi/6.3.1/thumb/v8-m.base\libgcc.a(_aeabi_uldivmod.o)
                              hpl/sercom/hpl_sercom.o (__aeabi_uldivmod)
d:/atmel studio/7.0/toolchain/arm/arm-gnu-toolchain/bin/../lib/gcc/arm-none-eabi/6.3.1/thumb/v8-m.base\libgcc.a(_muldi3.o)
                              hpl/sercom/hpl_sercom.o (__aeabi_lmul)
d:/atmel studio/7.0/toolchain/arm/arm-gnu-toolchain/bin/../lib/gcc/arm-none-eabi/6.3.1/thumb/v8-m.base\libgcc.a(_fixunsdfsi.o)
                              hpl/sercom/hpl_sercom.o (__aeabi_d2uiz)
d:/atmel studio/7.0/toolchain/arm/arm-gnu-toolchain/bin/../lib/gcc/arm-none-eabi/6.3.1/thumb/v8-m.base\libgcc.a(_udivmoddi4.o)
                              d:/atmel studio/7.0/toolchain/arm/arm-gnu-toolchain/bin/../lib/gcc/arm-none-eabi/6.3.1/thumb/v8-m.base\libgcc.a(_aeabi_uldivmod.o) (__udivmoddi4)
d:/atmel studio/7.0/toolchain/arm/arm-gnu-toolchain/bin/../lib/gcc/arm-none-eabi/6.3.1/thumb/v8-m.base\libgcc.a(divdf3.o)
                              hpl/sercom/hpl_sercom.o (__aeabi_ddiv)
d:/atmel studio/7.0/toolchain/arm/arm-gnu-toolchain/bin/../lib/gcc/arm-none-eabi/6.3.1/thumb/v8-m.base\libgcc.a(muldf3.o)
                              hpl/sercom/hpl_sercom.o (__aeabi_dmul)
d:/atmel studio/7.0/toolchain/arm/arm-gnu-toolchain/bin/../lib/gcc/arm-none-eabi/6.3.1/thumb/v8-m.base\libgcc.a(subdf3.o)
                              hpl/sercom/hpl_sercom.o (__aeabi_dsub)
d:/atmel studio/7.0/toolchain/arm/arm-gnu-toolchain/bin/../lib/gcc/arm-none-eabi/6.3.1/thumb/v8-m.base\libgcc.a(fixdfsi.o)
                              d:/atmel studio/7.0/toolchain/arm/arm-gnu-toolchain/bin/../lib/gcc/arm-none-eabi/6.3.1/thumb/v8-m.base\libgcc.a(_fixunsdfsi.o) (__aeabi_d2iz)
d:/atmel studio/7.0/toolchain/arm/arm-gnu-toolchain/bin/../lib/gcc/arm-none-eabi/6.3.1/thumb/v8-m.base\libgcc.a(floatsidf.o)
                              hpl/sercom/hpl_sercom.o (__aeabi_i2d)
d:/atmel studio/7.0/toolchain/arm/arm-gnu-toolchain/bin/../lib/gcc/arm-none-eabi/6.3.1/thumb/v8-m.base\libgcc.a(floatunsidf.o)
                              hpl/sercom/hpl_sercom.o (__aeabi_ui2d)
d:/atmel studio/7.0/toolchain/arm/arm-gnu-toolchain/bin/../lib/gcc/arm-none-eabi/6.3.1/thumb/v8-m.base\libgcc.a(_dvmd_tls.o)
                              d:/atmel studio/7.0/toolchain/arm/arm-gnu-toolchain/bin/../lib/gcc/arm-none-eabi/6.3.1/thumb/v8-m.base\libgcc.a(_aeabi_uldivmod.o) (__aeabi_ldiv0)
d:/atmel studio/7.0/toolchain/arm/arm-gnu-toolchain/bin/../lib/gcc/arm-none-eabi/6.3.1/thumb/v8-m.base\libgcc.a(_arm_cmpdf2.o)
                              d:/atmel studio/7.0/toolchain/arm/arm-gnu-toolchain/bin/../lib/gcc/arm-none-eabi/6.3.1/thumb/v8-m.base\libgcc.a(_fixunsdfsi.o) (__aeabi_dcmpge)
d:/atmel studio/7.0/toolchain/arm/arm-gnu-toolchain/bin/../lib/gcc/arm-none-eabi/6.3.1/thumb/v8-m.base\libgcc.a(_clzsi2.o)
                              d:/atmel studio/7.0/toolchain/arm/arm-gnu-toolchain/bin/../lib/gcc/arm-none-eabi/6.3.1/thumb/v8-m.base\libgcc.a(_udivmoddi4.o) (__clzsi2)
d:/atmel studio/7.0/toolchain/arm/arm-gnu-toolchain/bin/../lib/gcc/arm-none-eabi/6.3.1/thumb/v8-m.base\libgcc.a(eqdf2.o)
                              d:/atmel studio/7.0/toolchain/arm/arm-gnu-toolchain/bin/../lib/gcc/arm-none-eabi/6.3.1/thumb/v8-m.base\libgcc.a(_arm_cmpdf2.o) (__eqdf2)
d:/atmel studio/7.0/toolchain/arm/arm-gnu-toolchain/bin/../lib/gcc/arm-none-eabi/6.3.1/thumb/v8-m.base\libgcc.a(gedf2.o)
                              d:/atmel studio/7.0/toolchain/arm/arm-gnu-toolchain/bin/../lib/gcc/arm-none-eabi/6.3.1/thumb/v8-m.base\libgcc.a(_arm_cmpdf2.o) (__gedf2)
d:/atmel studio/7.0/toolchain/arm/arm-gnu-toolchain/bin/../lib/gcc/arm-none-eabi/6.3.1/thumb/v8-m.base\libgcc.a(ledf2.o)
                              d:/atmel studio/7.0/toolchain/arm/arm-gnu-toolchain/bin/../lib/gcc/arm-none-eabi/6.3.1/thumb/v8-m.base\libgcc.a(_arm_cmpdf2.o) (__ledf2)
d:/atmel studio/7.0/toolchain/arm/arm-gnu-toolchain/bin/../lib/gcc/arm-none-eabi/6.3.1/../../../../arm-none-eabi/lib/thumb/v8-m.base\libc_nano.a(lib_a-exit.o)
                              d:/atmel studio/7.0/toolchain/arm/arm-gnu-toolchain/bin/../lib/gcc/arm-none-eabi/6.3.1/../../../../arm-none-eabi/lib/thumb/v8-m.base/crt0.o (exit)
d:/atmel studio/7.0/toolchain/arm/arm-gnu-toolchain/bin/../lib/gcc/arm-none-eabi/6.3.1/../../../../arm-none-eabi/lib/thumb/v8-m.base\libc_nano.a(lib_a-impure.o)
                              d:/atmel studio/7.0/toolchain/arm/arm-gnu-toolchain/bin/../lib/gcc/arm-none-eabi/6.3.1/../../../../arm-none-eabi/lib/thumb/v8-m.base\libc_nano.a(lib_a-exit.o) (_global_impure_ptr)
[...]
Memory Configuration

Name             Origin             Length             Attributes
rom              0x00000000         0x00007c00         xr
rom_nsc          0x00007c00         0x00000400         xr
ram              0x20000000         0x00002000         xrw
userrow          0x00804000         0x00000100         rw
*default*        0x00000000         0xffffffff

Linker script and memory map

LOAD d:/atmel studio/7.0/toolchain/arm/arm-gnu-toolchain/bin/../lib/gcc/arm-none-eabi/6.3.1/thumb/v8-m.base/crti.o
LOAD d:/atmel studio/7.0/toolchain/arm/arm-gnu-toolchain/bin/../lib/gcc/arm-none-eabi/6.3.1/thumb/v8-m.base/crtbegin.o
LOAD d:/atmel studio/7.0/toolchain/arm/arm-gnu-toolchain/bin/../lib/gcc/arm-none-eabi/6.3.1/../../../../arm-none-eabi/lib/thumb/v8-m.base/crt0.o
LOAD atmel_start.o
LOAD Device_Startup/startup_saml11e16a.o
LOAD Device_Startup/system_saml11e16a.o
LOAD driver_init.o
LOAD examples/driver_examples.o
LOAD hal/src/hal_atomic.o
LOAD hal/src/hal_delay.o
LOAD hal/src/hal_gpio.o
LOAD hal/src/hal_init.o
LOAD hal/src/hal_io.o
LOAD hal/src/hal_sleep.o
LOAD hal/src/hal_usart_sync.o
LOAD hal/utils/src/utils_assert.o
LOAD hal/utils/src/utils_event.o
LOAD hal/utils/src/utils_list.o
LOAD hal/utils/src/utils_syscalls.o
LOAD hpl/core/hpl_core_m23_base.o
LOAD hpl/core/hpl_init.o
LOAD hpl/dmac/hpl_dmac.o
LOAD hpl/gclk/hpl_gclk.o
LOAD hpl/mclk/hpl_mclk.o
LOAD hpl/osc32kctrl/hpl_osc32kctrl.o
LOAD hpl/oscctrl/hpl_oscctrl.o
LOAD hpl/pm/hpl_pm.o
LOAD hpl/sercom/hpl_sercom.o
LOAD kernel/init.o
LOAD kernel/manager.o
LOAD kernel/memory.o
LOAD kernel/module.o
LOAD kernel/sos_port.o
LOAD kernel/sos_portasm.o
LOAD kernel/syscall.o
LOAD kernel/test_module.o
LOAD main.o
LOAD secure_context_port.o
LOAD secure_heap.o
LOAD secure_init.o
LOAD stdio_redirect/gcc/read.o
LOAD stdio_redirect/gcc/write.o
LOAD stdio_redirect/stdio_io.o
LOAD stdio_start.o
LOAD trustzone/trustzone_manager.o
LOAD trustzone/trustzone_veneer.o
START GROUP
LOAD d:/atmel studio/7.0/toolchain/arm/arm-gnu-toolchain/bin/../lib/gcc/arm-none-eabi/6.3.1/../../../../arm-none-eabi/lib/thumb/v8-m.base\libm.a
END GROUP
START GROUP
LOAD d:/atmel studio/7.0/toolchain/arm/arm-gnu-toolchain/bin/../lib/gcc/arm-none-eabi/6.3.1/thumb/v8-m.base\libgcc.a
LOAD d:/atmel studio/7.0/toolchain/arm/arm-gnu-toolchain/bin/../lib/gcc/arm-none-eabi/6.3.1/../../../../arm-none-eabi/lib/thumb/v8-m.base\libc_nano.a
END GROUP
START GROUP
LOAD d:/atmel studio/7.0/toolchain/arm/arm-gnu-toolchain/bin/../lib/gcc/arm-none-eabi/6.3.1/thumb/v8-m.base\libgcc.a
LOAD d:/atmel studio/7.0/toolchain/arm/arm-gnu-toolchain/bin/../lib/gcc/arm-none-eabi/6.3.1/../../../../arm-none-eabi/lib/thumb/v8-m.base\libc_nano.a
END GROUP
LOAD d:/atmel studio/7.0/toolchain/arm/arm-gnu-toolchain/bin/../lib/gcc/arm-none-eabi/6.3.1/thumb/v8-m.base/crtend.o
LOAD d:/atmel studio/7.0/toolchain/arm/arm-gnu-toolchain/bin/../lib/gcc/arm-none-eabi/6.3.1/thumb/v8-m.base/crtn.o
                0x00000400                STACK_SIZE = DEFINED (STACK_SIZE)?STACK_SIZE:DEFINED (__stack_size__)?__stack_size__:0x400
                0x00000200                HEAP_SIZE = DEFINED (HEAP_SIZE)?HEAP_SIZE:DEFINED (__heap_size__)?__heap_size__:0x200

.text           0x00000000     0x241c
                0x00000000                . = ALIGN (0x4)
                0x00000000                _sfixed = .
 *(.vectors .vectors.*)
 .vectors       0x00000000       0xf4 Device_Startup/startup_saml11e16a.o
                0x00000000                exception_table
 *trustzone_veneer.o(.text.*)
 .text.SecureContext_Init
                0x000000f4       0x26 trustzone/trustzone_veneer.o
                0x000000f4                __acle_se_SecureContext_Init
 .text.SecureContext_AllocateContext
                0x0000011a       0x5a trustzone/trustzone_veneer.o
                0x0000011a                __acle_se_SecureContext_AllocateContext
 .text.SecureContext_FreeContext
                0x00000174       0x3e trustzone/trustzone_veneer.o
                0x00000174                __acle_se_SecureContext_FreeContext
 .text.nsc_invoke_command
                0x000001b2       0x26 trustzone/trustzone_veneer.o
                0x000001b2                __acle_se_nsc_invoke_command
 .text.nsc_func_plus3
                0x000001d8       0x20 trustzone/trustzone_veneer.o
                0x000001d8                __acle_se_nsc_func_plus3
 .text.nsc_func_minus2
                0x000001f8       0x20 trustzone/trustzone_veneer.o
                0x000001f8                __acle_se_nsc_func_minus2
 .text.nsc_printf
                0x00000218       0x20 trustzone/trustzone_veneer.o
                0x00000218                __acle_se_nsc_printf
 *(.text .text.* .gnu.linkonce.t.*)
 .text          0x00000238       0x6c d:/atmel studio/7.0/toolchain/arm/arm-gnu-toolchain/bin/../lib/gcc/arm-none-eabi/6.3.1/thumb/v8-m.base/crtbegin.o
 .text.atmel_start_init
                0x000002a4       0x36 atmel_start.o
                0x000002a4                atmel_start_init
 .text.Dummy_Handler
                0x000002da        0x2 Device_Startup/startup_saml11e16a.o
                0x000002da                SERCOM0_2_Handler
                0x000002da                EVSYS_0_Handler
                0x000002da                TRNG_Handler
                0x000002da                HardFault_Handler
                0x000002da                ADC_RESRDY_Handler
                0x000002da                TC2_Handler
                0x000002da                AC_Handler
                0x000002da                DMAC_OTHER_Handler
                0x000002da                SysTick_Handler
                0x000002da                PendSV_Handler
                0x000002da                EVSYS_3_Handler
                0x000002da                NonMaskableInt_Handler
                0x000002da                SERCOM0_OTHER_Handler
                0x000002da                EIC_3_Handler
                0x000002da                SERCOM0_0_Handler
                0x000002da                RTC_Handler
                0x000002da                SERCOM1_OTHER_Handler
                0x000002da                EVSYS_1_Handler
                0x000002da                DMAC_0_Handler
                0x000002da                WDT_Handler
                0x000002da                TRAM_Handler
                0x000002da                EVSYS_NSCHK_Handler
                0x000002da                TC1_Handler
                0x000002da                DAC_EMPTY_Handler
                0x000002da                PAC_Handler
                0x000002da                EIC_0_Handler
                0x000002da                Dummy_Handler
                0x000002da                DMAC_2_Handler
                0x000002da                SERCOM0_1_Handler
                0x000002da                DMAC_1_Handler
                0x000002da                SERCOM1_1_Handler
                0x000002da                EIC_2_Handler
                0x000002da                NVMCTRL_Handler
                0x000002da                PORT_Handler
                0x000002da                SYSTEM_Handler
                0x000002da                SERCOM1_0_Handler
                0x000002da                SERCOM2_1_Handler
                0x000002da                SERCOM1_2_Handler
                0x000002da                EIC_1_Handler
                0x000002da                SERCOM2_2_Handler
                0x000002da                PTC_Handler
                0x000002da                EVSYS_2_Handler
                0x000002da                SERCOM2_OTHER_Handler
                0x000002da                FREQM_Handler
                0x000002da                DAC_UNDERRUN_A_Handler
                0x000002da                TC0_Handler
                0x000002da                EIC_OTHER_Handler
                0x000002da                ADC_OTHER_Handler
                0x000002da                DMAC_3_Handler
                0x000002da                SERCOM2_0_Handler
 .text.Reset_Handler
                0x000002dc       0xc4 Device_Startup/startup_saml11e16a.o
                0x000002dc                Reset_Handler
 .text.TARGET_IO_PORT_init
                0x000003a0       0x42 driver_init.o
                0x000003a0                TARGET_IO_PORT_init
 .text.TARGET_IO_CLOCK_init
                0x000003e2       0x26 driver_init.o
                0x000003e2                TARGET_IO_CLOCK_init
 .text.TARGET_IO_init
                0x00000408       0x34 driver_init.o
                0x00000408                TARGET_IO_init
 .text.system_init
                0x0000043c       0x18 driver_init.o
                0x0000043c                system_init
 .text.io_write
                0x00000454       0x36 hal/src/hal_io.o
                0x00000454                io_write
 .text.io_read  0x0000048a       0x36 hal/src/hal_io.o
                0x0000048a                io_read
 .text.usart_sync_write
                0x000004c0       0x8a hal/src/hal_usart_sync.o
 .text.usart_sync_read
                0x0000054a       0x6a hal/src/hal_usart_sync.o
 .text.usart_sync_init
                0x000005b4       0x50 hal/src/hal_usart_sync.o
                0x000005b4                usart_sync_init
 .text.usart_sync_enable
                0x00000604       0x30 hal/src/hal_usart_sync.o
                0x00000604                usart_sync_enable
 .text.assert   0x00000634        0x6 hal/utils/src/utils_assert.o
                0x00000634                assert
 .text._sbrk    0x0000063a       0x32 hal/utils/src/utils_syscalls.o
                0x0000063a                _sbrk
 .text._close   0x0000066c        0x6 hal/utils/src/utils_syscalls.o
                0x0000066c                _close
 .text._fstat   0x00000672        0xa hal/utils/src/utils_syscalls.o
                0x00000672                _fstat
 .text._isatty  0x0000067c        0x4 hal/utils/src/utils_syscalls.o
                0x0000067c                _isatty
 .text._lseek   0x00000680        0x4 hal/utils/src/utils_syscalls.o
                0x00000680                _lseek
 .text._init_chip
                0x00000684       0x50 hpl/core/hpl_init.o
                0x00000684                _init_chip
 .text._gclk_init_generators_by_fref
                0x000006d4       0x28 hpl/gclk/hpl_gclk.o
                0x000006d4                _gclk_init_generators_by_fref
 .text._mclk_init
                0x000006fc        0xe hpl/mclk/hpl_mclk.o
                0x000006fc                _mclk_init
 .text._osc32kctrl_init_sources
                0x0000070a       0x18 hpl/osc32kctrl/hpl_osc32kctrl.o
                0x0000070a                _osc32kctrl_init_sources
 .text._oscctrl_init_sources
                0x00000722       0x2e hpl/oscctrl/hpl_oscctrl.o
                0x00000722                _oscctrl_init_sources
 .text._oscctrl_init_referenced_generators
                0x00000750        0x2 hpl/oscctrl/hpl_oscctrl.o
                0x00000750                _oscctrl_init_referenced_generators
 .text._set_performance_level
                0x00000752       0x3a hpl/pm/hpl_pm.o
                0x00000752                _set_performance_level
 .text._sercom_get_hardware_index
                0x0000078c       0x3a hpl/sercom/hpl_sercom.o
 *fill*         0x000007c6        0x2 
 .text._usart_init
                0x000007c8       0xa4 hpl/sercom/hpl_sercom.o
 .text._usart_sync_init
                0x0000086c       0x30 hpl/sercom/hpl_sercom.o
                0x0000086c                _usart_sync_init
 .text._usart_sync_enable
                0x0000089c       0x14 hpl/sercom/hpl_sercom.o
                0x0000089c                _usart_sync_enable
 .text._usart_sync_write_byte
                0x000008b0        0x8 hpl/sercom/hpl_sercom.o
                0x000008b0                _usart_sync_write_byte
 .text._usart_sync_read_byte
                0x000008b8        0x8 hpl/sercom/hpl_sercom.o
                0x000008b8                _usart_sync_read_byte
 .text._usart_sync_is_ready_to_send
                0x000008c0        0xa hpl/sercom/hpl_sercom.o
                0x000008c0                _usart_sync_is_ready_to_send
 .text._usart_sync_is_transmit_done
                0x000008ca        0xa hpl/sercom/hpl_sercom.o
                0x000008ca                _usart_sync_is_transmit_done
 .text._usart_sync_is_byte_received
                0x000008d4        0xa hpl/sercom/hpl_sercom.o
                0x000008d4                _usart_sync_is_byte_received
 .text.kernel_init
                0x000008de       0x22 kernel/init.o
                0x000008de                kernel_init
 .text.init_stack
                0x00000900        0x2 kernel/manager.o
                0x00000900                init_stack
 .text.init_modules
                0x00000902       0x1a kernel/manager.o
                0x00000902                init_modules
 .text.add_module
                0x0000091c       0x44 kernel/manager.o
                0x0000091c                add_module
 .text.call_module
                0x00000960       0x66 kernel/manager.o
                0x00000960                call_module
 .text.call_module_list_add
                0x000009c6       0x86 kernel/manager.o
                0x000009c6                call_module_list_add
 .text.call_module_list_remove
                0x00000a4c       0xa6 kernel/manager.o
                0x00000a4c                call_module_list_remove
 *fill*         0x00000af2        0x2 
 .text.SOS_invoke_command
                0x00000af4      0x124 kernel/manager.o
                0x00000af4                SOS_invoke_command
 .text.memory_alloc
                0x00000c18        0xe kernel/memory.o
                0x00000c18                memory_alloc
 .text.memory_free
                0x00000c26        0xe kernel/memory.o
                0x00000c26                memory_free
 .text.sos_return
                0x00000c34       0x38 kernel/sos_port.o
                0x00000c34                sos_return
 .text.vPortSVCHandler_C
                0x00000c6c       0xc2 kernel/sos_port.o
                0x00000c6c                vPortSVCHandler_C
 *fill*         0x00000d2e        0x2 
 .text.SVCall_Handler
                0x00000d30       0x24 kernel/sos_portasm.o
                0x00000d30                SVCall_Handler
 .text.syscall_return
                0x00000d54       0x20 kernel/syscall.o
                0x00000d54                syscall_return
 .text.syscall_nsc_call_module
                0x00000d74       0x1c kernel/syscall.o
                0x00000d74                syscall_nsc_call_module
 .text.invoke_entry
                0x00000d90       0x3c kernel/test_module.o
                0x00000d90                invoke_entry
 .text.init_test_module
                0x00000dcc       0x24 kernel/test_module.o
                0x00000dcc                init_test_module
 .text.func_plus3
                0x00000df0        0x4 main.o
                0x00000df0                func_plus3
 .text.func_minus2
                0x00000df4        0x4 main.o
                0x00000df4                func_minus2
 .text.main     0x00000df8       0x3a main.o
                0x00000df8                main
 .text.SecureContext_LoadContext
                0x00000e32       0x22 secure_context_port.o
                0x00000e32                __acle_se_SecureContext_LoadContext
 .text.SecureContext_SaveContext
                0x00000e54       0x28 secure_context_port.o
                0x00000e54                __acle_se_SecureContext_SaveContext
 .text.prvInsertBlockIntoFreeList
                0x00000e7c       0x56 secure_heap.o
 .text.pvPortMalloc
                0x00000ed2      0x146 secure_heap.o
                0x00000ed2                pvPortMalloc
 .text.vPortFree
                0x00001018       0x68 secure_heap.o
                0x00001018                vPortFree
 .text.SecureInit_DePrioritizeNSExceptions
                0x00001080       0x32 secure_init.o
                0x00001080                __acle_se_SecureInit_DePrioritizeNSExceptions
 *fill*         0x000010b2        0x2 
 .text.SecureInit_EnableNSFPUAccess
                0x000010b4       0x48 secure_init.o
                0x000010b4                __acle_se_SecureInit_EnableNSFPUAccess
 .text._read    0x000010fc       0x26 stdio_redirect/gcc/read.o
                0x000010fc                _read
 .text._write   0x00001122       0x2a stdio_redirect/gcc/write.o
                0x00001122                _write
 .text.stdio_io_init
                0x0000114c       0x30 stdio_redirect/stdio_io.o
                0x0000114c                stdio_io_init
 .text.stdio_io_read
                0x0000117c       0x24 stdio_redirect/stdio_io.o
                0x0000117c                stdio_io_read
 .text.stdio_io_write
                0x000011a0       0x24 stdio_redirect/stdio_io.o
                0x000011a0                stdio_io_write
 .text.stdio_redirect_init
                0x000011c4       0x24 stdio_start.o
                0x000011c4                stdio_redirect_init
 .text          0x000011e8       0x32 d:/atmel studio/7.0/toolchain/arm/arm-gnu-toolchain/bin/../lib/gcc/arm-none-eabi/6.3.1/thumb/v8-m.base\libgcc.a(cmse_nonsecure_call.o)
                0x000011e8                __gnu_cmse_nonsecure_call
 *fill*         0x0000121a        0x2 
 .text.__libc_init_array
                0x0000121c       0x50 d:/atmel studio/7.0/toolchain/arm/arm-gnu-toolchain/bin/../lib/gcc/arm-none-eabi/6.3.1/../../../../arm-none-eabi/lib/thumb/v8-m.base\libc_nano.a(lib_a-init.o)
                0x0000121c                __libc_init_array
 .text.memset   0x0000126c       0x10 d:/atmel studio/7.0/toolchain/arm/arm-gnu-toolchain/bin/../lib/gcc/arm-none-eabi/6.3.1/../../../../arm-none-eabi/lib/thumb/v8-m.base\libc_nano.a(lib_a-memset.o)
                0x0000126c                memset
 .text.printf   0x0000127c       0x30 d:/atmel studio/7.0/toolchain/arm/arm-gnu-toolchain/bin/../lib/gcc/arm-none-eabi/6.3.1/../../../../arm-none-eabi/lib/thumb/v8-m.base\libc_nano.a(lib_a-printf.o)
                0x0000127c                iprintf
                0x0000127c                printf
 .text._puts_r  0x000012ac       0xb8 d:/atmel studio/7.0/toolchain/arm/arm-gnu-toolchain/bin/../lib/gcc/arm-none-eabi/6.3.1/../../../../arm-none-eabi/lib/thumb/v8-m.base\libc_nano.a(lib_a-puts.o)
                0x000012ac                _puts_r
 .text.puts     0x00001364       0x14 d:/atmel studio/7.0/toolchain/arm/arm-gnu-toolchain/bin/../lib/gcc/arm-none-eabi/6.3.1/../../../../arm-none-eabi/lib/thumb/v8-m.base\libc_nano.a(lib_a-puts.o)
                0x00001364                puts
 .text.setbuf   0x00001378       0x12 d:/atmel studio/7.0/toolchain/arm/arm-gnu-toolchain/bin/../lib/gcc/arm-none-eabi/6.3.1/../../../../arm-none-eabi/lib/thumb/v8-m.base\libc_nano.a(lib_a-setbuf.o)
                0x00001378                setbuf
 *fill*         0x0000138a        0x2 
 .text.setvbuf  0x0000138c      0x150 d:/atmel studio/7.0/toolchain/arm/arm-gnu-toolchain/bin/../lib/gcc/arm-none-eabi/6.3.1/../../../../arm-none-eabi/lib/thumb/v8-m.base\libc_nano.a(lib_a-setvbuf.o)
                0x0000138c                setvbuf
 .text.__swbuf_r
                0x000014dc       0xa4 d:/atmel studio/7.0/toolchain/arm/arm-gnu-toolchain/bin/../lib/gcc/arm-none-eabi/6.3.1/../../../../arm-none-eabi/lib/thumb/v8-m.base\libc_nano.a(lib_a-wbuf.o)
                0x000014dc                __swbuf_r
 .text.__swsetup_r
                0x00001580       0xe4 d:/atmel studio/7.0/toolchain/arm/arm-gnu-toolchain/bin/../lib/gcc/arm-none-eabi/6.3.1/../../../../arm-none-eabi/lib/thumb/v8-m.base\libc_nano.a(lib_a-wsetup.o)
                0x00001580                __swsetup_r
 .text.__sflush_r
                0x00001664      0x110 d:/atmel studio/7.0/toolchain/arm/arm-gnu-toolchain/bin/../lib/gcc/arm-none-eabi/6.3.1/../../../../arm-none-eabi/lib/thumb/v8-m.base\libc_nano.a(lib_a-fflush.o)
                0x00001664                __sflush_r
 .text._fflush_r
                0x00001774       0x54 d:/atmel studio/7.0/toolchain/arm/arm-gnu-toolchain/bin/../lib/gcc/arm-none-eabi/6.3.1/../../../../arm-none-eabi/lib/thumb/v8-m.base\libc_nano.a(lib_a-fflush.o)
                0x00001774                _fflush_r
 .text._cleanup_r
                0x000017c8       0x10 d:/atmel studio/7.0/toolchain/arm/arm-gnu-toolchain/bin/../lib/gcc/arm-none-eabi/6.3.1/../../../../arm-none-eabi/lib/thumb/v8-m.base\libc_nano.a(lib_a-findfp.o)
                0x000017c8                _cleanup_r
 .text.std.isra.0
                0x000017d8       0x48 d:/atmel studio/7.0/toolchain/arm/arm-gnu-toolchain/bin/../lib/gcc/arm-none-eabi/6.3.1/../../../../arm-none-eabi/lib/thumb/v8-m.base\libc_nano.a(lib_a-findfp.o)
 .text.__sfmoreglue
                0x00001820       0x2c d:/atmel studio/7.0/toolchain/arm/arm-gnu-toolchain/bin/../lib/gcc/arm-none-eabi/6.3.1/../../../../arm-none-eabi/lib/thumb/v8-m.base\libc_nano.a(lib_a-findfp.o)
                0x00001820                __sfmoreglue
 .text.__sinit  0x0000184c       0x64 d:/atmel studio/7.0/toolchain/arm/arm-gnu-toolchain/bin/../lib/gcc/arm-none-eabi/6.3.1/../../../../arm-none-eabi/lib/thumb/v8-m.base\libc_nano.a(lib_a-findfp.o)
                0x0000184c                __sinit
 .text.__sfp    0x000018b0       0x78 d:/atmel studio/7.0/toolchain/arm/arm-gnu-toolchain/bin/../lib/gcc/arm-none-eabi/6.3.1/../../../../arm-none-eabi/lib/thumb/v8-m.base\libc_nano.a(lib_a-findfp.o)
                0x000018b0                __sfp
 .text._fwalk_reent
                0x00001928       0x40 d:/atmel studio/7.0/toolchain/arm/arm-gnu-toolchain/bin/../lib/gcc/arm-none-eabi/6.3.1/../../../../arm-none-eabi/lib/thumb/v8-m.base\libc_nano.a(lib_a-fwalk.o)
                0x00001928                _fwalk_reent
 .text.__swhatbuf_r
                0x00001968       0x50 d:/atmel studio/7.0/toolchain/arm/arm-gnu-toolchain/bin/../lib/gcc/arm-none-eabi/6.3.1/../../../../arm-none-eabi/lib/thumb/v8-m.base\libc_nano.a(lib_a-makebuf.o)
                0x00001968                __swhatbuf_r
 .text.__smakebuf_r
                0x000019b8       0x80 d:/atmel studio/7.0/toolchain/arm/arm-gnu-toolchain/bin/../lib/gcc/arm-none-eabi/6.3.1/../../../../arm-none-eabi/lib/thumb/v8-m.base\libc_nano.a(lib_a-makebuf.o)
                0x000019b8                __smakebuf_r
 .text.malloc   0x00001a38       0x14 d:/atmel studio/7.0/toolchain/arm/arm-gnu-toolchain/bin/../lib/gcc/arm-none-eabi/6.3.1/../../../../arm-none-eabi/lib/thumb/v8-m.base\libc_nano.a(lib_a-malloc.o)
                0x00001a38                malloc
 .text._free_r  0x00001a4c       0x94 d:/atmel studio/7.0/toolchain/arm/arm-gnu-toolchain/bin/../lib/gcc/arm-none-eabi/6.3.1/../../../../arm-none-eabi/lib/thumb/v8-m.base\libc_nano.a(lib_a-nano-freer.o)
                0x00001a4c                _free_r
 .text._malloc_r
                0x00001ae0       0xbc d:/atmel studio/7.0/toolchain/arm/arm-gnu-toolchain/bin/../lib/gcc/arm-none-eabi/6.3.1/../../../../arm-none-eabi/lib/thumb/v8-m.base\libc_nano.a(lib_a-nano-mallocr.o)
                0x00001ae0                _malloc_r
 .text.__sfputc_r
                0x00001b9c       0x2a d:/atmel studio/7.0/toolchain/arm/arm-gnu-toolchain/bin/../lib/gcc/arm-none-eabi/6.3.1/../../../../arm-none-eabi/lib/thumb/v8-m.base\libc_nano.a(lib_a-nano-vfprintf.o)
 .text.__sfputs_r
                0x00001bc6       0x24 d:/atmel studio/7.0/toolchain/arm/arm-gnu-toolchain/bin/../lib/gcc/arm-none-eabi/6.3.1/../../../../arm-none-eabi/lib/thumb/v8-m.base\libc_nano.a(lib_a-nano-vfprintf.o)
                0x00001bc6                __sfputs_r
 *fill*         0x00001bea        0x2 
 .text._vfprintf_r
                0x00001bec      0x234 d:/atmel studio/7.0/toolchain/arm/arm-gnu-toolchain/bin/../lib/gcc/arm-none-eabi/6.3.1/../../../../arm-none-eabi/lib/thumb/v8-m.base\libc_nano.a(lib_a-nano-vfprintf.o)
                0x00001bec                _vfprintf_r
                0x00001bec                _vfiprintf_r
 .text._printf_common
                0x00001e20       0xd8 d:/atmel studio/7.0/toolchain/arm/arm-gnu-toolchain/bin/../lib/gcc/arm-none-eabi/6.3.1/../../../../arm-none-eabi/lib/thumb/v8-m.base\libc_nano.a(lib_a-nano-vfprintf_i.o)
                0x00001e20                _printf_common
 .text._printf_i
                0x00001ef8      0x220 d:/atmel studio/7.0/toolchain/arm/arm-gnu-toolchain/bin/../lib/gcc/arm-none-eabi/6.3.1/../../../../arm-none-eabi/lib/thumb/v8-m.base\libc_nano.a(lib_a-nano-vfprintf_i.o)
                0x00001ef8                _printf_i
 .text._sbrk_r  0x00002118       0x20 d:/atmel studio/7.0/toolchain/arm/arm-gnu-toolchain/bin/../lib/gcc/arm-none-eabi/6.3.1/../../../../arm-none-eabi/lib/thumb/v8-m.base\libc_nano.a(lib_a-sbrkr.o)
                0x00002118                _sbrk_r
 .text.__sread  0x00002138       0x28 d:/atmel studio/7.0/toolchain/arm/arm-gnu-toolchain/bin/../lib/gcc/arm-none-eabi/6.3.1/../../../../arm-none-eabi/lib/thumb/v8-m.base\libc_nano.a(lib_a-stdio.o)
                0x00002138                __sread
 .text.__swrite
                0x00002160       0x38 d:/atmel studio/7.0/toolchain/arm/arm-gnu-toolchain/bin/../lib/gcc/arm-none-eabi/6.3.1/../../../../arm-none-eabi/lib/thumb/v8-m.base\libc_nano.a(lib_a-stdio.o)
                0x00002160                __swrite
 .text.__sseek  0x00002198       0x2c d:/atmel studio/7.0/toolchain/arm/arm-gnu-toolchain/bin/../lib/gcc/arm-none-eabi/6.3.1/../../../../arm-none-eabi/lib/thumb/v8-m.base\libc_nano.a(lib_a-stdio.o)
                0x00002198                __sseek
 .text.__sclose
                0x000021c4        0xc d:/atmel studio/7.0/toolchain/arm/arm-gnu-toolchain/bin/../lib/gcc/arm-none-eabi/6.3.1/../../../../arm-none-eabi/lib/thumb/v8-m.base\libc_nano.a(lib_a-stdio.o)
                0x000021c4                __sclose
 .text._write_r
                0x000021d0       0x24 d:/atmel studio/7.0/toolchain/arm/arm-gnu-toolchain/bin/../lib/gcc/arm-none-eabi/6.3.1/../../../../arm-none-eabi/lib/thumb/v8-m.base\libc_nano.a(lib_a-writer.o)
                0x000021d0                _write_r
 .text._close_r
                0x000021f4       0x20 d:/atmel studio/7.0/toolchain/arm/arm-gnu-toolchain/bin/../lib/gcc/arm-none-eabi/6.3.1/../../../../arm-none-eabi/lib/thumb/v8-m.base\libc_nano.a(lib_a-closer.o)
                0x000021f4                _close_r
 .text._fstat_r
                0x00002214       0x24 d:/atmel studio/7.0/toolchain/arm/arm-gnu-toolchain/bin/../lib/gcc/arm-none-eabi/6.3.1/../../../../arm-none-eabi/lib/thumb/v8-m.base\libc_nano.a(lib_a-fstatr.o)
                0x00002214                _fstat_r
 .text._isatty_r
                0x00002238       0x20 d:/atmel studio/7.0/toolchain/arm/arm-gnu-toolchain/bin/../lib/gcc/arm-none-eabi/6.3.1/../../../../arm-none-eabi/lib/thumb/v8-m.base\libc_nano.a(lib_a-isattyr.o)
                0x00002238                _isatty_r
 .text._lseek_r
                0x00002258       0x24 d:/atmel studio/7.0/toolchain/arm/arm-gnu-toolchain/bin/../lib/gcc/arm-none-eabi/6.3.1/../../../../arm-none-eabi/lib/thumb/v8-m.base\libc_nano.a(lib_a-lseekr.o)
                0x00002258                _lseek_r
 .text.memchr   0x0000227c       0x16 d:/atmel studio/7.0/toolchain/arm/arm-gnu-toolchain/bin/../lib/gcc/arm-none-eabi/6.3.1/../../../../arm-none-eabi/lib/thumb/v8-m.base\libc_nano.a(lib_a-memchr-stub.o)
                0x0000227c                memchr
 .text.__malloc_lock
                0x00002292        0x2 d:/atmel studio/7.0/toolchain/arm/arm-gnu-toolchain/bin/../lib/gcc/arm-none-eabi/6.3.1/../../../../arm-none-eabi/lib/thumb/v8-m.base\libc_nano.a(lib_a-mlock.o)
                0x00002292                __malloc_lock
 .text.__malloc_unlock
                0x00002294        0x2 d:/atmel studio/7.0/toolchain/arm/arm-gnu-toolchain/bin/../lib/gcc/arm-none-eabi/6.3.1/../../../../arm-none-eabi/lib/thumb/v8-m.base\libc_nano.a(lib_a-mlock.o)
                0x00002294                __malloc_unlock
 *fill*         0x00002296        0x2 
 .text._read_r  0x00002298       0x24 d:/atmel studio/7.0/toolchain/arm/arm-gnu-toolchain/bin/../lib/gcc/arm-none-eabi/6.3.1/../../../../arm-none-eabi/lib/thumb/v8-m.base\libc_nano.a(lib_a-readr.o)
                0x00002298                _read_r
 *(.glue_7t)
 .glue_7t       0x000022bc        0x0 linker stubs
 *(.glue_7)
 .glue_7        0x000022bc        0x0 linker stubs
 *(.rodata .rodata* .gnu.linkonce.r.*)
 .rodata.str1.4
                0x000022bc       0x14 hal/src/hal_io.o
 .rodata.str1.4
                0x000022d0       0x1c hal/src/hal_usart_sync.o
 .rodata        0x000022ec       0x24 hpl/sercom/hpl_sercom.o
 .rodata.str1.4
                0x00002310       0x1b hpl/sercom/hpl_sercom.o
 *fill*         0x0000232b        0x1 
 .rodata.str1.4
                0x0000232c       0x38 kernel/test_module.o
                                 0x35 (size before relaxing)
 .rodata._global_impure_ptr
                0x00002364        0x4 d:/atmel studio/7.0/toolchain/arm/arm-gnu-toolchain/bin/../lib/gcc/arm-none-eabi/6.3.1/../../../../arm-none-eabi/lib/thumb/v8-m.base\libc_nano.a(lib_a-impure.o)
                0x00002364                _global_impure_ptr
 .rodata.__sf_fake_stderr
                0x00002368       0x20 d:/atmel studio/7.0/toolchain/arm/arm-gnu-toolchain/bin/../lib/gcc/arm-none-eabi/6.3.1/../../../../arm-none-eabi/lib/thumb/v8-m.base\libc_nano.a(lib_a-findfp.o)
                0x00002368                __sf_fake_stderr
 .rodata.__sf_fake_stdin
                0x00002388       0x20 d:/atmel studio/7.0/toolchain/arm/arm-gnu-toolchain/bin/../lib/gcc/arm-none-eabi/6.3.1/../../../../arm-none-eabi/lib/thumb/v8-m.base\libc_nano.a(lib_a-findfp.o)
                0x00002388                __sf_fake_stdin
 .rodata.__sf_fake_stdout
                0x000023a8       0x20 d:/atmel studio/7.0/toolchain/arm/arm-gnu-toolchain/bin/../lib/gcc/arm-none-eabi/6.3.1/../../../../arm-none-eabi/lib/thumb/v8-m.base\libc_nano.a(lib_a-findfp.o)
                0x000023a8                __sf_fake_stdout
 .rodata._vfprintf_r.str1.1
                0x000023c8       0x11 d:/atmel studio/7.0/toolchain/arm/arm-gnu-toolchain/bin/../lib/gcc/arm-none-eabi/6.3.1/../../../../arm-none-eabi/lib/thumb/v8-m.base\libc_nano.a(lib_a-nano-vfprintf.o)
 .rodata._printf_i.str1.1
                0x000023d9       0x22 d:/atmel studio/7.0/toolchain/arm/arm-gnu-toolchain/bin/../lib/gcc/arm-none-eabi/6.3.1/../../../../arm-none-eabi/lib/thumb/v8-m.base\libc_nano.a(lib_a-nano-vfprintf_i.o)
 *(.ARM.extab* .gnu.linkonce.armextab.*)
                0x000023fc                . = ALIGN (0x4)
 *fill*         0x000023fb        0x1 
 *(.init)
 .init          0x000023fc        0x4 d:/atmel studio/7.0/toolchain/arm/arm-gnu-toolchain/bin/../lib/gcc/arm-none-eabi/6.3.1/thumb/v8-m.base/crti.o
                0x000023fc                _init
 .init          0x00002400        0x8 d:/atmel studio/7.0/toolchain/arm/arm-gnu-toolchain/bin/../lib/gcc/arm-none-eabi/6.3.1/thumb/v8-m.base/crtn.o
                0x00002408                . = ALIGN (0x4)
                0x00002408                __preinit_array_start = .
 *(.preinit_array)
                0x00002408                __preinit_array_end = .
                0x00002408                . = ALIGN (0x4)
                0x00002408                __init_array_start = .
 *(SORT(.init_array.*))
 *(.init_array)
 .init_array    0x00002408        0x4 d:/atmel studio/7.0/toolchain/arm/arm-gnu-toolchain/bin/../lib/gcc/arm-none-eabi/6.3.1/thumb/v8-m.base/crtbegin.o
                0x0000240c                __init_array_end = .
                0x0000240c                . = ALIGN (0x4)
 *crtbegin.o(.ctors)
 *(EXCLUDE_FILE(*crtend.o) .ctors)
 *(SORT(.ctors.*))
 *crtend.o(.ctors)
                0x0000240c                . = ALIGN (0x4)
 *(.fini)
 .fini          0x0000240c        0x4 d:/atmel studio/7.0/toolchain/arm/arm-gnu-toolchain/bin/../lib/gcc/arm-none-eabi/6.3.1/thumb/v8-m.base/crti.o
                0x0000240c                _fini
 .fini          0x00002410        0x8 d:/atmel studio/7.0/toolchain/arm/arm-gnu-toolchain/bin/../lib/gcc/arm-none-eabi/6.3.1/thumb/v8-m.base/crtn.o
                0x00002418                . = ALIGN (0x4)
                0x00002418                __fini_array_start = .
 *(.fini_array)
 .fini_array    0x00002418        0x4 d:/atmel studio/7.0/toolchain/arm/arm-gnu-toolchain/bin/../lib/gcc/arm-none-eabi/6.3.1/thumb/v8-m.base/crtbegin.o
 *(SORT(.fini_array.*))
                0x0000241c                __fini_array_end = .
 *crtbegin.o(.dtors)
 *(EXCLUDE_FILE(*crtend.o) .dtors)
 *(SORT(.dtors.*))
 *crtend.o(.dtors)
                0x0000241c                . = ALIGN (0x4)
                0x0000241c                _efixed = .
                [!provide]                PROVIDE (__exidx_start, .)

.vfp11_veneer   0x0000241c        0x0
 .vfp11_veneer  0x0000241c        0x0 linker stubs

.v4_bx          0x0000241c        0x0
 .v4_bx         0x0000241c        0x0 linker stubs

.iplt           0x0000241c        0x0
 .iplt          0x0000241c        0x0 d:/atmel studio/7.0/toolchain/arm/arm-gnu-toolchain/bin/../lib/gcc/arm-none-eabi/6.3.1/thumb/v8-m.base/crtbegin.o

.rel.dyn        0x0000241c        0x0
 .rel.iplt      0x0000241c        0x0 d:/atmel studio/7.0/toolchain/arm/arm-gnu-toolchain/bin/../lib/gcc/arm-none-eabi/6.3.1/thumb/v8-m.base/crtbegin.o

.ARM.exidx
 *(.ARM.exidx* .gnu.linkonce.armexidx.*)
                [!provide]                PROVIDE (__exidx_end, .)
                0x0000241c                . = ALIGN (0x4)
                0x0000241c                _etext = .
                0x0000241c                . = ALIGN (0x4)

.gnu.sgstubs    0x00007c00       0x60
                0x00007c00                _ssgstubs = .
 .gnu.sgstubs.__stub
                0x00007c00       0x58 linker stubs
                0x00007c00                SecureInit_DePrioritizeNSExceptions
                0x00007c08                SecureContext_AllocateContext
                0x00007c10                nsc_func_plus3
                0x00007c18                nsc_func_minus2
                0x00007c20                nsc_printf
                0x00007c28                SecureContext_Init
                0x00007c30                SecureContext_LoadContext
                0x00007c38                SecureContext_SaveContext
                0x00007c40                nsc_invoke_command
                0x00007c48                SecureInit_EnableNSFPUAccess
                0x00007c50                SecureContext_FreeContext

.relocate       0x20000000       0x6c load address 0x0000241c
                0x20000000                . = ALIGN (0x4)
                0x20000000                _srelocate = .
 *(.ramfunc .ramfunc.*)
 *(.data .data.*)
 .data          0x20000000        0x8 kernel/manager.o
                0x20000004                call_moudle_frame_head
 .data._impure_ptr
                0x20000008        0x4 d:/atmel studio/7.0/toolchain/arm/arm-gnu-toolchain/bin/../lib/gcc/arm-none-eabi/6.3.1/../../../../arm-none-eabi/lib/thumb/v8-m.base\libc_nano.a(lib_a-impure.o)
                0x20000008                _impure_ptr
 .data.impure_data
                0x2000000c       0x60 d:/atmel studio/7.0/toolchain/arm/arm-gnu-toolchain/bin/../lib/gcc/arm-none-eabi/6.3.1/../../../../arm-none-eabi/lib/thumb/v8-m.base\libc_nano.a(lib_a-impure.o)
                0x2000006c                . = ALIGN (0x4)
                0x2000006c                _erelocate = .

.bss            0x2000006c     0x1494 load address 0x00002488
                0x2000006c                . = ALIGN (0x4)
                0x2000006c                _sbss = .
                0x2000006c                _szero = .
 *(.bss .bss.*)
 .bss           0x2000006c       0x1c d:/atmel studio/7.0/toolchain/arm/arm-gnu-toolchain/bin/../lib/gcc/arm-none-eabi/6.3.1/thumb/v8-m.base/crtbegin.o
 .bss           0x20000088        0x4 hal/utils/src/utils_syscalls.o
 .bss           0x2000008c        0x4 kernel/manager.o
 .bss           0x20000090        0x4 kernel/test_module.o
 .bss           0x20000094     0x1018 secure_heap.o
 .bss           0x200010ac        0x4 stdio_redirect/stdio_io.o
 .bss.__malloc_free_list
                0x200010b0        0x4 d:/atmel studio/7.0/toolchain/arm/arm-gnu-toolchain/bin/../lib/gcc/arm-none-eabi/6.3.1/../../../../arm-none-eabi/lib/thumb/v8-m.base\libc_nano.a(lib_a-nano-mallocr.o)
                0x200010b0                __malloc_free_list
 .bss.__malloc_sbrk_start
                0x200010b4        0x4 d:/atmel studio/7.0/toolchain/arm/arm-gnu-toolchain/bin/../lib/gcc/arm-none-eabi/6.3.1/../../../../arm-none-eabi/lib/thumb/v8-m.base\libc_nano.a(lib_a-nano-mallocr.o)
                0x200010b4                __malloc_sbrk_start
 *(COMMON)
 COMMON         0x200010b8        0xc driver_init.o
                0x200010b8                TARGET_IO
 COMMON         0x200010c4      0x438 kernel/manager.o
                0x200010c4                modules
                0x2000118c                head
                0x200011dc                kernel_stack
 COMMON         0x200014fc        0x4 d:/atmel studio/7.0/toolchain/arm/arm-gnu-toolchain/bin/../lib/gcc/arm-none-eabi/6.3.1/../../../../arm-none-eabi/lib/thumb/v8-m.base\libc_nano.a(lib_a-reent.o)
                0x200014fc                errno
                0x20001500                . = ALIGN (0x4)
                0x20001500                _ebss = .
                0x20001500                _ezero = .

.heap           0x20001500      0x200 load address 0x0000391c
                0x20001500                . = ALIGN (0x8)
                0x20001500                _sheap = .
                0x20001700                . = (. + HEAP_SIZE)
 *fill*         0x20001500      0x200 
                0x20001700                . = ALIGN (0x8)
                0x20001700                _eheap = .

.stack          0x20001700      0x400 load address 0x00003b1c
                0x20001700                . = ALIGN (0x8)
                0x20001700                _sstack = .
                0x20001b00                . = (. + STACK_SIZE)
 *fill*         0x20001700      0x400 
                0x20001b00                . = ALIGN (0x8)
                0x20001b00                _estack = .
                0x20001b00                . = ALIGN (0x4)
                0x20001b00                _end = .
                0x20001fff                _ram_end_ = ((ORIGIN (ram) + LENGTH (ram)) - 0x1)

.userRowBlock   0x00804000       0x20
 *(.userrowsec)
 .userrowsec    0x00804000       0x20 trustzone/trustzone_manager.o
                0x00804000                nvm_user_row
OUTPUT(FreeRTOS-2-S.elf elf32-littlearm)

.eh_frame       0x00804020        0x0
 .eh_frame      0x00804020        0x0 d:/atmel studio/7.0/toolchain/arm/arm-gnu-toolchain/bin/../lib/gcc/arm-none-eabi/6.3.1/thumb/v8-m.base/crtbegin.o

.jcr            0x00804020        0x0
 .jcr           0x00804020        0x0 d:/atmel studio/7.0/toolchain/arm/arm-gnu-toolchain/bin/../lib/gcc/arm-none-eabi/6.3.1/thumb/v8-m.base/crtbegin.o

.igot.plt       0x0000241c        0x0 load address 0x00804020
 .igot.plt      0x0000241c        0x0 d:/atmel studio/7.0/toolchain/arm/arm-gnu-toolchain/bin/../lib/gcc/arm-none-eabi/6.3.1/thumb/v8-m.base/crtbegin.o

.ARM.attributes
                0x00000000       0x2c
 .ARM.attributes
                0x00000000       0x22 d:/atmel studio/7.0/toolchain/arm/arm-gnu-toolchain/bin/../lib/gcc/arm-none-eabi/6.3.1/thumb/v8-m.base/crti.o
 .ARM.attributes
                0x00000022       0x30 d:/atmel studio/7.0/toolchain/arm/arm-gnu-toolchain/bin/../lib/gcc/arm-none-eabi/6.3.1/thumb/v8-m.base/crtbegin.o
 .ARM.attributes
                0x00000052       0x32 atmel_start.o
 .ARM.attributes
                0x00000084       0x32 Device_Startup/startup_saml11e16a.o
 .ARM.attributes
                0x000000b6       0x32 driver_init.o
 .ARM.attributes
                0x000000e8       0x32 hal/src/hal_io.o
 .ARM.attributes
                0x0000011a       0x32 hal/src/hal_usart_sync.o
 .ARM.attributes
                0x0000014c       0x32 hal/utils/src/utils_assert.o
 .ARM.attributes
                0x0000017e       0x32 hal/utils/src/utils_syscalls.o
 .ARM.attributes
                0x000001b0       0x32 hpl/core/hpl_init.o
 .ARM.attributes
                0x000001e2       0x32 hpl/gclk/hpl_gclk.o
 .ARM.attributes
                0x00000214       0x32 hpl/mclk/hpl_mclk.o
 .ARM.attributes
                0x00000246       0x32 hpl/osc32kctrl/hpl_osc32kctrl.o
 .ARM.attributes
                0x00000278       0x32 hpl/oscctrl/hpl_oscctrl.o
 .ARM.attributes
                0x000002aa       0x32 hpl/pm/hpl_pm.o
 .ARM.attributes
                0x000002dc       0x32 hpl/sercom/hpl_sercom.o
 .ARM.attributes
                0x0000030e       0x32 kernel/init.o
 .ARM.attributes
                0x00000340       0x32 kernel/manager.o
 .ARM.attributes
                0x00000372       0x32 kernel/memory.o
 .ARM.attributes
                0x000003a4       0x32 kernel/sos_port.o
 .ARM.attributes
                0x000003d6       0x32 kernel/sos_portasm.o
 .ARM.attributes
                0x00000408       0x32 kernel/syscall.o
 .ARM.attributes
                0x0000043a       0x32 kernel/test_module.o
 .ARM.attributes
                0x0000046c       0x32 main.o
 .ARM.attributes
                0x0000049e       0x32 secure_heap.o
 .ARM.attributes
                0x000004d0       0x32 stdio_redirect/gcc/read.o
 .ARM.attributes
                0x00000502       0x32 stdio_redirect/gcc/write.o
 .ARM.attributes
                0x00000534       0x32 stdio_redirect/stdio_io.o
 .ARM.attributes
                0x00000566       0x32 stdio_start.o
 .ARM.attributes
                0x00000598       0x32 trustzone/trustzone_manager.o
 .ARM.attributes
                0x000005ca       0x32 trustzone/trustzone_veneer.o
 .ARM.attributes
                0x000005fc       0x20 d:/atmel studio/7.0/toolchain/arm/arm-gnu-toolchain/bin/../lib/gcc/arm-none-eabi/6.3.1/thumb/v8-m.base\libgcc.a(cmse_nonsecure_call.o)
 .ARM.attributes
                0x0000061c       0x30 d:/atmel studio/7.0/toolchain/arm/arm-gnu-toolchain/bin/../lib/gcc/arm-none-eabi/6.3.1/../../../../arm-none-eabi/lib/thumb/v8-m.base\libc_nano.a(lib_a-impure.o)
 .ARM.attributes
                0x0000064c       0x30 d:/atmel studio/7.0/toolchain/arm/arm-gnu-toolchain/bin/../lib/gcc/arm-none-eabi/6.3.1/../../../../arm-none-eabi/lib/thumb/v8-m.base\libc_nano.a(lib_a-init.o)
 .ARM.attributes
                0x0000067c       0x30 d:/atmel studio/7.0/toolchain/arm/arm-gnu-toolchain/bin/../lib/gcc/arm-none-eabi/6.3.1/../../../../arm-none-eabi/lib/thumb/v8-m.base\libc_nano.a(lib_a-memset.o)
 .ARM.attributes
                0x000006ac       0x30 d:/atmel studio/7.0/toolchain/arm/arm-gnu-toolchain/bin/../lib/gcc/arm-none-eabi/6.3.1/../../../../arm-none-eabi/lib/thumb/v8-m.base\libc_nano.a(lib_a-printf.o)
 .ARM.attributes
                0x000006dc       0x30 d:/atmel studio/7.0/toolchain/arm/arm-gnu-toolchain/bin/../lib/gcc/arm-none-eabi/6.3.1/../../../../arm-none-eabi/lib/thumb/v8-m.base\libc_nano.a(lib_a-puts.o)
 .ARM.attributes
                0x0000070c       0x30 d:/atmel studio/7.0/toolchain/arm/arm-gnu-toolchain/bin/../lib/gcc/arm-none-eabi/6.3.1/../../../../arm-none-eabi/lib/thumb/v8-m.base\libc_nano.a(lib_a-setbuf.o)
 .ARM.attributes
                0x0000073c       0x30 d:/atmel studio/7.0/toolchain/arm/arm-gnu-toolchain/bin/../lib/gcc/arm-none-eabi/6.3.1/../../../../arm-none-eabi/lib/thumb/v8-m.base\libc_nano.a(lib_a-setvbuf.o)
 .ARM.attributes
                0x0000076c       0x30 d:/atmel studio/7.0/toolchain/arm/arm-gnu-toolchain/bin/../lib/gcc/arm-none-eabi/6.3.1/../../../../arm-none-eabi/lib/thumb/v8-m.base\libc_nano.a(lib_a-wbuf.o)
 .ARM.attributes
                0x0000079c       0x30 d:/atmel studio/7.0/toolchain/arm/arm-gnu-toolchain/bin/../lib/gcc/arm-none-eabi/6.3.1/../../../../arm-none-eabi/lib/thumb/v8-m.base\libc_nano.a(lib_a-wsetup.o)
 .ARM.attributes
                0x000007cc       0x30 d:/atmel studio/7.0/toolchain/arm/arm-gnu-toolchain/bin/../lib/gcc/arm-none-eabi/6.3.1/../../../../arm-none-eabi/lib/thumb/v8-m.base\libc_nano.a(lib_a-fflush.o)
 .ARM.attributes
                0x000007fc       0x30 d:/atmel studio/7.0/toolchain/arm/arm-gnu-toolchain/bin/../lib/gcc/arm-none-eabi/6.3.1/../../../../arm-none-eabi/lib/thumb/v8-m.base\libc_nano.a(lib_a-findfp.o)
 .ARM.attributes
                0x0000082c       0x30 d:/atmel studio/7.0/toolchain/arm/arm-gnu-toolchain/bin/../lib/gcc/arm-none-eabi/6.3.1/../../../../arm-none-eabi/lib/thumb/v8-m.base\libc_nano.a(lib_a-fwalk.o)
 .ARM.attributes
                0x0000085c       0x30 d:/atmel studio/7.0/toolchain/arm/arm-gnu-toolchain/bin/../lib/gcc/arm-none-eabi/6.3.1/../../../../arm-none-eabi/lib/thumb/v8-m.base\libc_nano.a(lib_a-makebuf.o)
 .ARM.attributes
                0x0000088c       0x30 d:/atmel studio/7.0/toolchain/arm/arm-gnu-toolchain/bin/../lib/gcc/arm-none-eabi/6.3.1/../../../../arm-none-eabi/lib/thumb/v8-m.base\libc_nano.a(lib_a-malloc.o)
 .ARM.attributes
                0x000008bc       0x30 d:/atmel studio/7.0/toolchain/arm/arm-gnu-toolchain/bin/../lib/gcc/arm-none-eabi/6.3.1/../../../../arm-none-eabi/lib/thumb/v8-m.base\libc_nano.a(lib_a-nano-freer.o)
 .ARM.attributes
                0x000008ec       0x30 d:/atmel studio/7.0/toolchain/arm/arm-gnu-toolchain/bin/../lib/gcc/arm-none-eabi/6.3.1/../../../../arm-none-eabi/lib/thumb/v8-m.base\libc_nano.a(lib_a-nano-mallocr.o)
 .ARM.attributes
                0x0000091c       0x30 d:/atmel studio/7.0/toolchain/arm/arm-gnu-toolchain/bin/../lib/gcc/arm-none-eabi/6.3.1/../../../../arm-none-eabi/lib/thumb/v8-m.base\libc_nano.a(lib_a-nano-vfprintf.o)
 .ARM.attributes
                0x0000094c       0x30 d:/atmel studio/7.0/toolchain/arm/arm-gnu-toolchain/bin/../lib/gcc/arm-none-eabi/6.3.1/../../../../arm-none-eabi/lib/thumb/v8-m.base\libc_nano.a(lib_a-nano-vfprintf_i.o)
 .ARM.attributes
                0x0000097c       0x30 d:/atmel studio/7.0/toolchain/arm/arm-gnu-toolchain/bin/../lib/gcc/arm-none-eabi/6.3.1/../../../../arm-none-eabi/lib/thumb/v8-m.base\libc_nano.a(lib_a-sbrkr.o)
 .ARM.attributes
                0x000009ac       0x30 d:/atmel studio/7.0/toolchain/arm/arm-gnu-toolchain/bin/../lib/gcc/arm-none-eabi/6.3.1/../../../../arm-none-eabi/lib/thumb/v8-m.base\libc_nano.a(lib_a-stdio.o)
 .ARM.attributes
                0x000009dc       0x30 d:/atmel studio/7.0/toolchain/arm/arm-gnu-toolchain/bin/../lib/gcc/arm-none-eabi/6.3.1/../../../../arm-none-eabi/lib/thumb/v8-m.base\libc_nano.a(lib_a-writer.o)
 .ARM.attributes
                0x00000a0c       0x30 d:/atmel studio/7.0/toolchain/arm/arm-gnu-toolchain/bin/../lib/gcc/arm-none-eabi/6.3.1/../../../../arm-none-eabi/lib/thumb/v8-m.base\libc_nano.a(lib_a-closer.o)
 .ARM.attributes
                0x00000a3c       0x30 d:/atmel studio/7.0/toolchain/arm/arm-gnu-toolchain/bin/../lib/gcc/arm-none-eabi/6.3.1/../../../../arm-none-eabi/lib/thumb/v8-m.base\libc_nano.a(lib_a-fstatr.o)
 .ARM.attributes
                0x00000a6c       0x30 d:/atmel studio/7.0/toolchain/arm/arm-gnu-toolchain/bin/../lib/gcc/arm-none-eabi/6.3.1/../../../../arm-none-eabi/lib/thumb/v8-m.base\libc_nano.a(lib_a-isattyr.o)
 .ARM.attributes
                0x00000a9c       0x30 d:/atmel studio/7.0/toolchain/arm/arm-gnu-toolchain/bin/../lib/gcc/arm-none-eabi/6.3.1/../../../../arm-none-eabi/lib/thumb/v8-m.base\libc_nano.a(lib_a-lseekr.o)
 .ARM.attributes
                0x00000acc       0x30 d:/atmel studio/7.0/toolchain/arm/arm-gnu-toolchain/bin/../lib/gcc/arm-none-eabi/6.3.1/../../../../arm-none-eabi/lib/thumb/v8-m.base\libc_nano.a(lib_a-memchr-stub.o)
 .ARM.attributes
                0x00000afc       0x30 d:/atmel studio/7.0/toolchain/arm/arm-gnu-toolchain/bin/../lib/gcc/arm-none-eabi/6.3.1/../../../../arm-none-eabi/lib/thumb/v8-m.base\libc_nano.a(lib_a-mlock.o)
 .ARM.attributes
                0x00000b2c       0x30 d:/atmel studio/7.0/toolchain/arm/arm-gnu-toolchain/bin/../lib/gcc/arm-none-eabi/6.3.1/../../../../arm-none-eabi/lib/thumb/v8-m.base\libc_nano.a(lib_a-readr.o)
 .ARM.attributes
                0x00000b5c       0x30 d:/atmel studio/7.0/toolchain/arm/arm-gnu-toolchain/bin/../lib/gcc/arm-none-eabi/6.3.1/../../../../arm-none-eabi/lib/thumb/v8-m.base\libc_nano.a(lib_a-reent.o)
 .ARM.attributes
                0x00000b8c       0x22 d:/atmel studio/7.0/toolchain/arm/arm-gnu-toolchain/bin/../lib/gcc/arm-none-eabi/6.3.1/thumb/v8-m.base/crtn.o

.comment        0x00000000       0x59
 .comment       0x00000000       0x59 atmel_start.o
                                 0x5a (size before relaxing)
 .comment       0x00000059       0x5a Device_Startup/startup_saml11e16a.o
 .comment       0x00000059       0x5a driver_init.o
 .comment       0x00000059       0x5a hal/src/hal_io.o
 .comment       0x00000059       0x5a hal/src/hal_usart_sync.o
 .comment       0x00000059       0x5a hal/utils/src/utils_assert.o
 .comment       0x00000059       0x5a hal/utils/src/utils_syscalls.o
 .comment       0x00000059       0x5a hpl/core/hpl_init.o
 .comment       0x00000059       0x5a hpl/gclk/hpl_gclk.o
 .comment       0x00000059       0x5a hpl/mclk/hpl_mclk.o
 .comment       0x00000059       0x5a hpl/osc32kctrl/hpl_osc32kctrl.o
 .comment       0x00000059       0x5a hpl/oscctrl/hpl_oscctrl.o
 .comment       0x00000059       0x5a hpl/pm/hpl_pm.o
 .comment       0x00000059       0x5a hpl/sercom/hpl_sercom.o
 .comment       0x00000059       0x5a kernel/init.o
 .comment       0x00000059       0x5a kernel/manager.o
 .comment       0x00000059       0x5a kernel/memory.o
 .comment       0x00000059       0x5a kernel/sos_port.o
 .comment       0x00000059       0x5a kernel/sos_portasm.o
 .comment       0x00000059       0x5a kernel/syscall.o
 .comment       0x00000059       0x5a kernel/test_module.o
 .comment       0x00000059       0x5a main.o
 .comment       0x00000059       0x5a secure_heap.o
 .comment       0x00000059       0x5a stdio_redirect/gcc/read.o
 .comment       0x00000059       0x5a stdio_redirect/gcc/write.o
 .comment       0x00000059       0x5a stdio_redirect/stdio_io.o
 .comment       0x00000059       0x5a stdio_start.o
 .comment       0x00000059       0x5a trustzone/trustzone_manager.o
 .comment       0x00000059       0x5a trustzone/trustzone_veneer.o

.debug_info     0x00000000    0x1d3ec
 .debug_info    0x00000000     0x1563 atmel_start.o
 .debug_info    0x00001563      0x5f4 Device_Startup/startup_saml11e16a.o
 .debug_info    0x00001b57     0x3748 driver_init.o
 .debug_info    0x0000529f      0x2b2 hal/src/hal_io.o
 .debug_info    0x00005551      0xc56 hal/src/hal_usart_sync.o
 .debug_info    0x000061a7      0x107 hal/utils/src/utils_assert.o
 .debug_info    0x000062ae      0xdca hal/utils/src/utils_syscalls.o
 .debug_info    0x00007078      0xc29 hpl/core/hpl_init.o
 .debug_info    0x00007ca1      0x531 hpl/gclk/hpl_gclk.o
 .debug_info    0x000081d2      0x6fa hpl/mclk/hpl_mclk.o
 .debug_info    0x000088cc      0x6d5 hpl/osc32kctrl/hpl_osc32kctrl.o
 .debug_info    0x00008fa1      0xf09 hpl/oscctrl/hpl_oscctrl.o
 .debug_info    0x00009eaa      0x781 hpl/pm/hpl_pm.o
 .debug_info    0x0000a62b     0xb505 hpl/sercom/hpl_sercom.o
 .debug_info    0x00015b30       0xf9 kernel/init.o
 .debug_info    0x00015c29     0x1033 kernel/manager.o
 .debug_info    0x00016c5c      0xa28 kernel/memory.o
 .debug_info    0x00017684      0x46c kernel/sos_port.o
 .debug_info    0x00017af0       0x8d kernel/sos_portasm.o
 .debug_info    0x00017b7d      0x225 kernel/syscall.o
 .debug_info    0x00017da2      0x2fa kernel/test_module.o
 .debug_info    0x0001809c      0xbe9 main.o
 .debug_info    0x00018c85      0xc53 secure_heap.o
 .debug_info    0x000198d8      0xa34 stdio_redirect/gcc/read.o
 .debug_info    0x0001a30c      0xa34 stdio_redirect/gcc/write.o
 .debug_info    0x0001ad40      0xbe2 stdio_redirect/stdio_io.o
 .debug_info    0x0001b922      0xb73 stdio_start.o
 .debug_info    0x0001c495       0xbe trustzone/trustzone_manager.o
 .debug_info    0x0001c553      0xe99 trustzone/trustzone_veneer.o

.debug_abbrev   0x00000000     0x3762
 .debug_abbrev  0x00000000      0x247 atmel_start.o
 .debug_abbrev  0x00000247      0x14f Device_Startup/startup_saml11e16a.o
 .debug_abbrev  0x00000396      0x30e driver_init.o
 .debug_abbrev  0x000006a4      0x115 hal/src/hal_io.o
 .debug_abbrev  0x000007b9      0x217 hal/src/hal_usart_sync.o
 .debug_abbrev  0x000009d0       0x86 hal/utils/src/utils_assert.o
 .debug_abbrev  0x00000a56      0x269 hal/utils/src/utils_syscalls.o
 .debug_abbrev  0x00000cbf      0x1d9 hpl/core/hpl_init.o
 .debug_abbrev  0x00000e98      0x184 hpl/gclk/hpl_gclk.o
 .debug_abbrev  0x0000101c      0x197 hpl/mclk/hpl_mclk.o
 .debug_abbrev  0x000011b3      0x1e3 hpl/osc32kctrl/hpl_osc32kctrl.o
 .debug_abbrev  0x00001396      0x1ed hpl/oscctrl/hpl_oscctrl.o
 .debug_abbrev  0x00001583      0x23f hpl/pm/hpl_pm.o
 .debug_abbrev  0x000017c2      0x5c9 hpl/sercom/hpl_sercom.o
 .debug_abbrev  0x00001d8b       0x8b kernel/init.o
 .debug_abbrev  0x00001e16      0x2db kernel/manager.o
 .debug_abbrev  0x000020f1      0x1f3 kernel/memory.o
 .debug_abbrev  0x000022e4      0x1c0 kernel/sos_port.o
 .debug_abbrev  0x000024a4       0x56 kernel/sos_portasm.o
 .debug_abbrev  0x000024fa       0xf7 kernel/syscall.o
 .debug_abbrev  0x000025f1      0x18f kernel/test_module.o
 .debug_abbrev  0x00002780      0x239 main.o
 .debug_abbrev  0x000029b9      0x2d8 secure_heap.o
 .debug_abbrev  0x00002c91      0x1e8 stdio_redirect/gcc/read.o
 .debug_abbrev  0x00002e79      0x1e8 stdio_redirect/gcc/write.o
 .debug_abbrev  0x00003061      0x229 stdio_redirect/stdio_io.o
 .debug_abbrev  0x0000328a      0x1db stdio_start.o
 .debug_abbrev  0x00003465       0x71 trustzone/trustzone_manager.o
 .debug_abbrev  0x000034d6      0x28c trustzone/trustzone_veneer.o

.debug_loc      0x00000000     0xa56d
 .debug_loc     0x00000000       0x20 atmel_start.o
 .debug_loc     0x00000020       0x40 Device_Startup/startup_saml11e16a.o
 .debug_loc     0x00000060      0x25c driver_init.o
 .debug_loc     0x000002bc      0x18a hal/src/hal_io.o
 .debug_loc     0x00000446      0x9af hal/src/hal_usart_sync.o
 .debug_loc     0x00000df5      0x13b hal/utils/src/utils_syscalls.o
 .debug_loc     0x00000f30       0x4c hpl/core/hpl_init.o
 .debug_loc     0x00000f7c       0x71 hpl/gclk/hpl_gclk.o
 .debug_loc     0x00000fed       0x2c hpl/mclk/hpl_mclk.o
 .debug_loc     0x00001019       0x94 hpl/osc32kctrl/hpl_osc32kctrl.o
 .debug_loc     0x000010ad       0x30 hpl/oscctrl/hpl_oscctrl.o
 .debug_loc     0x000010dd      0x192 hpl/pm/hpl_pm.o
 .debug_loc     0x0000126f     0x80ea hpl/sercom/hpl_sercom.o
 .debug_loc     0x00009359       0x20 kernel/init.o
 .debug_loc     0x00009379      0x402 kernel/manager.o
 .debug_loc     0x0000977b       0x82 kernel/memory.o
 .debug_loc     0x000097fd      0x148 kernel/sos_port.o
 .debug_loc     0x00009945      0x106 kernel/syscall.o
 .debug_loc     0x00009a4b       0xc6 kernel/test_module.o
 .debug_loc     0x00009b11       0xb8 main.o
 .debug_loc     0x00009bc9      0x37e secure_heap.o
 .debug_loc     0x00009f47       0xe8 stdio_redirect/gcc/read.o
 .debug_loc     0x0000a02f       0xdc stdio_redirect/gcc/write.o
 .debug_loc     0x0000a10b      0x153 stdio_redirect/stdio_io.o
 .debug_loc     0x0000a25e       0x40 stdio_start.o
 .debug_loc     0x0000a29e      0x2cf trustzone/trustzone_veneer.o

.debug_aranges  0x00000000      0xa58
 .debug_aranges
                0x00000000       0x20 atmel_start.o
 .debug_aranges
                0x00000020       0x28 Device_Startup/startup_saml11e16a.o
 .debug_aranges
                0x00000048       0x38 driver_init.o
 .debug_aranges
                0x00000080       0x30 hal/src/hal_io.o
 .debug_aranges
                0x000000b0       0xa8 hal/src/hal_usart_sync.o
 .debug_aranges
                0x00000158       0x20 hal/utils/src/utils_assert.o
 .debug_aranges
                0x00000178       0x60 hal/utils/src/utils_syscalls.o
 .debug_aranges
                0x000001d8       0x20 hpl/core/hpl_init.o
 .debug_aranges
                0x000001f8       0x28 hpl/gclk/hpl_gclk.o
 .debug_aranges
                0x00000220       0x20 hpl/mclk/hpl_mclk.o
 .debug_aranges
                0x00000240       0x20 hpl/osc32kctrl/hpl_osc32kctrl.o
 .debug_aranges
                0x00000260       0x28 hpl/oscctrl/hpl_oscctrl.o
 .debug_aranges
                0x00000288       0x30 hpl/pm/hpl_pm.o
 .debug_aranges
                0x000002b8      0x4d8 hpl/sercom/hpl_sercom.o
 .debug_aranges
                0x00000790       0x20 kernel/init.o
 .debug_aranges
                0x000007b0       0x50 kernel/manager.o
 .debug_aranges
                0x00000800       0x28 kernel/memory.o
 .debug_aranges
                0x00000828       0x28 kernel/sos_port.o
 .debug_aranges
                0x00000850       0x38 kernel/sos_portasm.o
 .debug_aranges
                0x00000888       0x28 kernel/syscall.o
 .debug_aranges
                0x000008b0       0x28 kernel/test_module.o
 .debug_aranges
                0x000008d8       0x30 main.o
 .debug_aranges
                0x00000908       0x48 secure_heap.o
 .debug_aranges
                0x00000950       0x20 stdio_redirect/gcc/read.o
 .debug_aranges
                0x00000970       0x20 stdio_redirect/gcc/write.o
 .debug_aranges
                0x00000990       0x38 stdio_redirect/stdio_io.o
 .debug_aranges
                0x000009c8       0x28 stdio_start.o
 .debug_aranges
                0x000009f0       0x18 trustzone/trustzone_manager.o
 .debug_aranges
                0x00000a08       0x50 trustzone/trustzone_veneer.o

.debug_ranges   0x00000000      0xe88
 .debug_ranges  0x00000000       0x10 atmel_start.o
 .debug_ranges  0x00000010       0x18 Device_Startup/startup_saml11e16a.o
 .debug_ranges  0x00000028       0x28 driver_init.o
 .debug_ranges  0x00000050       0x20 hal/src/hal_io.o
 .debug_ranges  0x00000070       0x98 hal/src/hal_usart_sync.o
 .debug_ranges  0x00000108       0x10 hal/utils/src/utils_assert.o
 .debug_ranges  0x00000118       0x50 hal/utils/src/utils_syscalls.o
 .debug_ranges  0x00000168       0x10 hpl/core/hpl_init.o
 .debug_ranges  0x00000178       0x18 hpl/gclk/hpl_gclk.o
 .debug_ranges  0x00000190       0x10 hpl/mclk/hpl_mclk.o
 .debug_ranges  0x000001a0       0x10 hpl/osc32kctrl/hpl_osc32kctrl.o
 .debug_ranges  0x000001b0       0x30 hpl/oscctrl/hpl_oscctrl.o
 .debug_ranges  0x000001e0       0x20 hpl/pm/hpl_pm.o
 .debug_ranges  0x00000200      0xab8 hpl/sercom/hpl_sercom.o
 .debug_ranges  0x00000cb8       0x10 kernel/init.o
 .debug_ranges  0x00000cc8       0x40 kernel/manager.o
 .debug_ranges  0x00000d08       0x18 kernel/memory.o
 .debug_ranges  0x00000d20       0x18 kernel/sos_port.o
 .debug_ranges  0x00000d38       0x28 kernel/sos_portasm.o
 .debug_ranges  0x00000d60       0x18 kernel/syscall.o
 .debug_ranges  0x00000d78       0x18 kernel/test_module.o
 .debug_ranges  0x00000d90       0x20 main.o
 .debug_ranges  0x00000db0       0x38 secure_heap.o
 .debug_ranges  0x00000de8       0x10 stdio_redirect/gcc/read.o
 .debug_ranges  0x00000df8       0x10 stdio_redirect/gcc/write.o
 .debug_ranges  0x00000e08       0x28 stdio_redirect/stdio_io.o
 .debug_ranges  0x00000e30       0x18 stdio_start.o
 .debug_ranges  0x00000e48       0x40 trustzone/trustzone_veneer.o

.debug_macro    0x00000000    0x1d1a2
 .debug_macro   0x00000000      0x6d9 atmel_start.o
 .debug_macro   0x000006d9      0x8b6 atmel_start.o
 .debug_macro   0x00000f8f      0x16d atmel_start.o
 .debug_macro   0x000010fc       0x22 atmel_start.o
 .debug_macro   0x0000111e       0x87 atmel_start.o
 .debug_macro   0x000011a5       0x51 atmel_start.o
 .debug_macro   0x000011f6       0xef atmel_start.o
 .debug_macro   0x000012e5       0x6a atmel_start.o
 .debug_macro   0x0000134f      0x1df atmel_start.o
 .debug_macro   0x0000152e       0x22 atmel_start.o
 .debug_macro   0x00001550       0xde atmel_start.o
 .debug_macro   0x0000162e       0x1c atmel_start.o
 .debug_macro   0x0000164a       0x22 atmel_start.o
 .debug_macro   0x0000166c       0xb5 atmel_start.o
 .debug_macro   0x00001721      0xaec atmel_start.o
 .debug_macro   0x0000220d       0x5e atmel_start.o
 .debug_macro   0x0000226b      0x894 atmel_start.o
 .debug_macro   0x00002aff      0xb83 atmel_start.o
 .debug_macro   0x00003682      0x3e0 atmel_start.o
 .debug_macro   0x00003a62      0x373 atmel_start.o
 .debug_macro   0x00003dd5      0xf2c atmel_start.o
 .debug_macro   0x00004d01      0x834 atmel_start.o
 .debug_macro   0x00005535      0x814 atmel_start.o
 .debug_macro   0x00005d49      0xbf2 atmel_start.o
 .debug_macro   0x0000693b      0x20d atmel_start.o
 .debug_macro   0x00006b48      0x2b1 atmel_start.o
 .debug_macro   0x00006df9      0x113 atmel_start.o
 .debug_macro   0x00006f0c      0x532 atmel_start.o
 .debug_macro   0x0000743e      0xfd0 atmel_start.o
 .debug_macro   0x0000840e      0x267 atmel_start.o
 .debug_macro   0x00008675      0xb82 atmel_start.o
 .debug_macro   0x000091f7      0x370 atmel_start.o
 .debug_macro   0x00009567      0xe6d atmel_start.o
 .debug_macro   0x0000a3d4      0x292 atmel_start.o
 .debug_macro   0x0000a666      0x5b7 atmel_start.o
 .debug_macro   0x0000ac1d       0x1c atmel_start.o
 .debug_macro   0x0000ac39       0x9a atmel_start.o
 .debug_macro   0x0000acd3     0x231e atmel_start.o
 .debug_macro   0x0000cff1     0x15b1 atmel_start.o
 .debug_macro   0x0000e5a2      0x9c1 atmel_start.o
 .debug_macro   0x0000ef63      0xbee atmel_start.o
 .debug_macro   0x0000fb51      0x2b4 atmel_start.o
 .debug_macro   0x0000fe05      0x13d atmel_start.o
 .debug_macro   0x0000ff42      0x41d atmel_start.o
 .debug_macro   0x0001035f       0x88 atmel_start.o
 .debug_macro   0x000103e7       0xb2 atmel_start.o
 .debug_macro   0x00010499       0x46 atmel_start.o
 .debug_macro   0x000104df       0x5e atmel_start.o
 .debug_macro   0x0001053d       0xdc atmel_start.o
 .debug_macro   0x00010619       0xe8 atmel_start.o
 .debug_macro   0x00010701       0x94 atmel_start.o
 .debug_macro   0x00010795      0x2a2 atmel_start.o
 .debug_macro   0x00010a37       0x52 atmel_start.o
 .debug_macro   0x00010a89       0xf4 atmel_start.o
 .debug_macro   0x00010b7d       0xbe atmel_start.o
 .debug_macro   0x00010c3b       0x52 atmel_start.o
 .debug_macro   0x00010c8d       0xe2 atmel_start.o
 .debug_macro   0x00010d6f       0x3a atmel_start.o
 .debug_macro   0x00010da9       0xb8 atmel_start.o
 .debug_macro   0x00010e61       0x4c atmel_start.o
 .debug_macro   0x00010ead       0x82 atmel_start.o
 .debug_macro   0x00010f2f       0x46 atmel_start.o
 .debug_macro   0x00010f75       0xb8 atmel_start.o
 .debug_macro   0x0001102d       0x34 atmel_start.o
 .debug_macro   0x00011061       0x22 atmel_start.o
 .debug_macro   0x00011083      0x14b atmel_start.o
 .debug_macro   0x000111ce      0x189 atmel_start.o
 .debug_macro   0x00011357      0x189 atmel_start.o
 .debug_macro   0x000114e0      0x189 atmel_start.o
 .debug_macro   0x00011669       0x58 atmel_start.o
 .debug_macro   0x000116c1      0x11f atmel_start.o
 .debug_macro   0x000117e0      0x11f atmel_start.o
 .debug_macro   0x000118ff      0x11f atmel_start.o
 .debug_macro   0x00011a1e      0x209 atmel_start.o
 .debug_macro   0x00011c27       0x34 atmel_start.o
 .debug_macro   0x00011c5b       0x40 atmel_start.o
 .debug_macro   0x00011c9b      0x38b atmel_start.o
 .debug_macro   0x00012026     0x1884 atmel_start.o
 .debug_macro   0x000138aa      0x31b atmel_start.o
 .debug_macro   0x00013bc5       0x10 atmel_start.o
 .debug_macro   0x00013bd5       0x10 atmel_start.o
 .debug_macro   0x00013be5       0x16 atmel_start.o
 .debug_macro   0x00013bfb       0x16 atmel_start.o
 .debug_macro   0x00013c11       0x16 atmel_start.o
 .debug_macro   0x00013c27       0x16 atmel_start.o
 .debug_macro   0x00013c3d       0x16 atmel_start.o
 .debug_macro   0x00013c53       0x16 atmel_start.o
 .debug_macro   0x00013c69       0x16 atmel_start.o
 .debug_macro   0x00013c7f       0x16 atmel_start.o
 .debug_macro   0x00013c95       0x16 atmel_start.o
 .debug_macro   0x00013cab       0x16 atmel_start.o
 .debug_macro   0x00013cc1       0x16 atmel_start.o
 .debug_macro   0x00013cd7       0x16 atmel_start.o
 .debug_macro   0x00013ced       0x16 atmel_start.o
 .debug_macro   0x00013d03       0x16 atmel_start.o
 .debug_macro   0x00013d19       0x16 atmel_start.o
 .debug_macro   0x00013d2f       0x16 atmel_start.o
 .debug_macro   0x00013d45       0x16 atmel_start.o
 .debug_macro   0x00013d5b       0x16 atmel_start.o
 .debug_macro   0x00013d71       0x16 atmel_start.o
 .debug_macro   0x00013d87       0x16 atmel_start.o
 .debug_macro   0x00013d9d       0x16 atmel_start.o
 .debug_macro   0x00013db3       0x16 atmel_start.o
 .debug_macro   0x00013dc9       0x16 atmel_start.o
 .debug_macro   0x00013ddf       0x16 atmel_start.o
 .debug_macro   0x00013df5       0x16 atmel_start.o
 .debug_macro   0x00013e0b       0xca atmel_start.o
 .debug_macro   0x00013ed5       0x1c atmel_start.o
 .debug_macro   0x00013ef1       0x16 atmel_start.o
 .debug_macro   0x00013f07       0x10 atmel_start.o
 .debug_macro   0x00013f17       0x46 atmel_start.o
 .debug_macro   0x00013f5d       0x40 atmel_start.o
 .debug_macro   0x00013f9d       0x64 atmel_start.o
 .debug_macro   0x00014001      0x41b atmel_start.o
 .debug_macro   0x0001441c       0x58 atmel_start.o
 .debug_macro   0x00014474       0x35 atmel_start.o
 .debug_macro   0x000144a9       0x9c atmel_start.o
 .debug_macro   0x00014545       0x16 atmel_start.o
 .debug_macro   0x0001455b       0x35 atmel_start.o
 .debug_macro   0x00014590      0x34d atmel_start.o
 .debug_macro   0x000148dd       0x10 atmel_start.o
 .debug_macro   0x000148ed       0x58 atmel_start.o
 .debug_macro   0x00014945       0x1f atmel_start.o
 .debug_macro   0x00014964       0x43 atmel_start.o
 .debug_macro   0x000149a7       0x20 atmel_start.o
 .debug_macro   0x000149c7      0x187 atmel_start.o
 .debug_macro   0x00014b4e       0x10 atmel_start.o
 .debug_macro   0x00014b5e       0x1c atmel_start.o
 .debug_macro   0x00014b7a       0x52 atmel_start.o
 .debug_macro   0x00014bcc       0x40 atmel_start.o
 .debug_macro   0x00014c0c       0x10 atmel_start.o
 .debug_macro   0x00014c1c       0x40 atmel_start.o
 .debug_macro   0x00014c5c       0xd7 atmel_start.o
 .debug_macro   0x00014d33       0x16 atmel_start.o
 .debug_macro   0x00014d49      0x18b atmel_start.o
 .debug_macro   0x00014ed4      0x324 Device_Startup/startup_saml11e16a.o
 .debug_macro   0x000151f8       0xd8 Device_Startup/startup_saml11e16a.o
 .debug_macro   0x000152d0      0x53d driver_init.o
 .debug_macro   0x0001580d       0x28 driver_init.o
 .debug_macro   0x00015835       0xc9 driver_init.o
 .debug_macro   0x000158fe      0x47d hal/src/hal_io.o
 .debug_macro   0x00015d7b      0x4a4 hal/src/hal_usart_sync.o
 .debug_macro   0x0001621f      0x473 hal/utils/src/utils_assert.o
 .debug_macro   0x00016692       0x10 hal/utils/src/utils_assert.o
 .debug_macro   0x000166a2      0x1d6 hal/utils/src/utils_syscalls.o
 .debug_macro   0x00016878       0x52 hal/utils/src/utils_syscalls.o
 .debug_macro   0x000168ca       0x8d hal/utils/src/utils_syscalls.o
 .debug_macro   0x00016957       0x57 hal/utils/src/utils_syscalls.o
 .debug_macro   0x000169ae       0x97 hal/utils/src/utils_syscalls.o
 .debug_macro   0x00016a45      0x353 hal/utils/src/utils_syscalls.o
 .debug_macro   0x00016d98       0xf6 hal/utils/src/utils_syscalls.o
 .debug_macro   0x00016e8e       0x4c hal/utils/src/utils_syscalls.o
 .debug_macro   0x00016eda       0x16 hal/utils/src/utils_syscalls.o
 .debug_macro   0x00016ef0       0x10 hal/utils/src/utils_syscalls.o
 .debug_macro   0x00016f00       0x10 hal/utils/src/utils_syscalls.o
 .debug_macro   0x00016f10       0x35 hal/utils/src/utils_syscalls.o
 .debug_macro   0x00016f45      0x122 hal/utils/src/utils_syscalls.o
 .debug_macro   0x00017067      0x4df hpl/core/hpl_init.o
 .debug_macro   0x00017546       0x22 hpl/core/hpl_init.o
 .debug_macro   0x00017568      0x3f2 hpl/core/hpl_init.o
 .debug_macro   0x0001795a      0x486 hpl/gclk/hpl_gclk.o
 .debug_macro   0x00017de0      0x137 hpl/gclk/hpl_gclk.o
 .debug_macro   0x00017f17      0x47c hpl/mclk/hpl_mclk.o
 .debug_macro   0x00018393      0x477 hpl/osc32kctrl/hpl_osc32kctrl.o
 .debug_macro   0x0001880a       0x80 hpl/osc32kctrl/hpl_osc32kctrl.o
 .debug_macro   0x0001888a      0x48f hpl/oscctrl/hpl_oscctrl.o
 .debug_macro   0x00018d19      0x145 hpl/oscctrl/hpl_oscctrl.o
 .debug_macro   0x00018e5e      0x482 hpl/pm/hpl_pm.o
 .debug_macro   0x000192e0      0x6bc hpl/sercom/hpl_sercom.o
 .debug_macro   0x0001999c       0x70 hpl/sercom/hpl_sercom.o
 .debug_macro   0x00019a0c       0xe4 hpl/sercom/hpl_sercom.o
 .debug_macro   0x00019af0       0x10 hpl/sercom/hpl_sercom.o
 .debug_macro   0x00019b00       0x1c hpl/sercom/hpl_sercom.o
 .debug_macro   0x00019b1c       0x22 hpl/sercom/hpl_sercom.o
 .debug_macro   0x00019b3e       0x10 hpl/sercom/hpl_sercom.o
 .debug_macro   0x00019b4e       0xa6 kernel/init.o
 .debug_macro   0x00019bf4       0x10 kernel/init.o
 .debug_macro   0x00019c04       0x16 kernel/init.o
 .debug_macro   0x00019c1a       0x16 kernel/init.o
 .debug_macro   0x00019c30      0x192 kernel/manager.o
 .debug_macro   0x00019dc2       0x16 kernel/manager.o
 .debug_macro   0x00019dd8      0x10e kernel/manager.o
 .debug_macro   0x00019ee6       0x86 kernel/manager.o
 .debug_macro   0x00019f6c       0x16 kernel/manager.o
 .debug_macro   0x00019f82       0x29 kernel/manager.o
 .debug_macro   0x00019fab       0x10 kernel/manager.o
 .debug_macro   0x00019fbb       0x1c kernel/manager.o
 .debug_macro   0x00019fd7       0x1c kernel/manager.o
 .debug_macro   0x00019ff3      0x10b kernel/memory.o
 .debug_macro   0x0001a0fe       0xc5 kernel/sos_port.o
 .debug_macro   0x0001a1c3       0x1b kernel/sos_portasm.o
 .debug_macro   0x0001a1de       0x6d kernel/syscall.o
 .debug_macro   0x0001a24b       0xb0 kernel/test_module.o
 .debug_macro   0x0001a2fb      0x6d9 main.o
 .debug_macro   0x0001a9d4      0x15f secure_heap.o
 .debug_macro   0x0001ab33      0x5c8 stdio_redirect/gcc/read.o
 .debug_macro   0x0001b0fb      0x5c8 stdio_redirect/gcc/write.o
 .debug_macro   0x0001b6c3      0x5c2 stdio_redirect/stdio_io.o
 .debug_macro   0x0001bc85       0xaf stdio_redirect/stdio_io.o
 .debug_macro   0x0001bd34      0x6da stdio_start.o
 .debug_macro   0x0001c40e      0x48f trustzone/trustzone_manager.o
 .debug_macro   0x0001c89d      0x783 trustzone/trustzone_veneer.o
 .debug_macro   0x0001d020      0x182 trustzone/trustzone_veneer.o

.debug_line     0x00000000     0xf8d9
 .debug_line    0x00000000      0xb70 atmel_start.o
 .debug_line    0x00000b70      0x64c Device_Startup/startup_saml11e16a.o
 .debug_line    0x000011bc      0xa53 driver_init.o
 .debug_line    0x00001c0f      0x8eb hal/src/hal_io.o
 .debug_line    0x000024fa      0xac3 hal/src/hal_usart_sync.o
 .debug_line    0x00002fbd      0x8a1 hal/utils/src/utils_assert.o
 .debug_line    0x0000385e      0x3bb hal/utils/src/utils_syscalls.o
 .debug_line    0x00003c19      0x96c hpl/core/hpl_init.o
 .debug_line    0x00004585      0x8f2 hpl/gclk/hpl_gclk.o
 .debug_line    0x00004e77      0x8c9 hpl/mclk/hpl_mclk.o
 .debug_line    0x00005740      0x8de hpl/osc32kctrl/hpl_osc32kctrl.o
 .debug_line    0x0000601e      0x92d hpl/oscctrl/hpl_oscctrl.o
 .debug_line    0x0000694b      0x913 hpl/pm/hpl_pm.o
 .debug_line    0x0000725e     0x27ec hpl/sercom/hpl_sercom.o
 .debug_line    0x00009a4a      0x236 kernel/init.o
 .debug_line    0x00009c80      0x3e3 kernel/manager.o
 .debug_line    0x0000a063      0x28c kernel/memory.o
 .debug_line    0x0000a2ef      0x2f7 kernel/sos_port.o
 .debug_line    0x0000a5e6       0x8c kernel/sos_portasm.o
 .debug_line    0x0000a672      0x21d kernel/syscall.o
 .debug_line    0x0000a88f      0x272 kernel/test_module.o
 .debug_line    0x0000ab01      0xb8a main.o
 .debug_line    0x0000b68b      0x39e secure_heap.o
 .debug_line    0x0000ba29      0x9ca stdio_redirect/gcc/read.o
 .debug_line    0x0000c3f3      0x9cb stdio_redirect/gcc/write.o
 .debug_line    0x0000cdbe      0x9ee stdio_redirect/stdio_io.o
 .debug_line    0x0000d7ac      0xb7c stdio_start.o
 .debug_line    0x0000e328      0x8be trustzone/trustzone_manager.o
 .debug_line    0x0000ebe6      0xcf3 trustzone/trustzone_veneer.o

.debug_str      0x00000000    0x919df
 .debug_str     0x00000000    0x867f6 atmel_start.o
                              0x86e08 (size before relaxing)
 .debug_str     0x000867f6      0x519 Device_Startup/startup_saml11e16a.o
                              0x7f060 (size before relaxing)
 .debug_str     0x00086d0f     0x100a driver_init.o
                              0x8143c (size before relaxing)
 .debug_str     0x00087d19       0x55 hal/src/hal_io.o
                              0x7fc37 (size before relaxing)
 .debug_str     0x00087d6e      0x4aa hal/src/hal_usart_sync.o
                              0x806d7 (size before relaxing)
 .debug_str     0x00088218       0x2a hal/utils/src/utils_assert.o
                              0x7fb9a (size before relaxing)
 .debug_str     0x00088242      0x77f hal/utils/src/utils_syscalls.o
                               0x7381 (size before relaxing)
 .debug_str     0x000889c1     0x1093 hpl/core/hpl_init.o
                              0x80eb0 (size before relaxing)
 .debug_str     0x00089a54      0x581 hpl/gclk/hpl_gclk.o
                              0x8020a (size before relaxing)
 .debug_str     0x00089fd5       0x47 hpl/mclk/hpl_mclk.o
                              0x7fea5 (size before relaxing)
 .debug_str     0x0008a01c      0x466 hpl/osc32kctrl/hpl_osc32kctrl.o
                              0x7fff1 (size before relaxing)
 .debug_str     0x0008a482      0x8ae hpl/oscctrl/hpl_oscctrl.o
                              0x8064e (size before relaxing)
 .debug_str     0x0008ad30      0x290 hpl/pm/hpl_pm.o
                              0x7fe4c (size before relaxing)
 .debug_str     0x0008afc0     0x4d74 hpl/sercom/hpl_sercom.o
                              0x85bd4 (size before relaxing)
 .debug_str     0x0008fd34      0x1b9 kernel/init.o
                               0x35cf (size before relaxing)
 .debug_str     0x0008feed      0x4c7 kernel/manager.o
                               0x6a30 (size before relaxing)
 .debug_str     0x000903b4       0x3d kernel/memory.o
                               0x59f4 (size before relaxing)
 .debug_str     0x000903f1       0xab kernel/sos_port.o
                               0x3f99 (size before relaxing)
 .debug_str     0x0009049c       0x46 kernel/sos_portasm.o
                               0x2587 (size before relaxing)
 .debug_str     0x000904e2       0x43 kernel/syscall.o
                               0x34dc (size before relaxing)
 .debug_str     0x00090525       0x3e kernel/test_module.o
                               0x36f7 (size before relaxing)
 .debug_str     0x00090563       0x4f main.o
                              0x86b69 (size before relaxing)
 .debug_str     0x000905b2      0x909 secure_heap.o
                               0x6dea (size before relaxing)
 .debug_str     0x00090ebb       0x2b stdio_redirect/gcc/read.o
                              0x83947 (size before relaxing)
 .debug_str     0x00090ee6       0x2d stdio_redirect/gcc/write.o
                              0x83949 (size before relaxing)
 .debug_str     0x00090f13       0x4b stdio_redirect/stdio_io.o
                              0x839e2 (size before relaxing)
 .debug_str     0x00090f5e       0x2c stdio_start.o
                              0x86b55 (size before relaxing)
 .debug_str     0x00090f8a       0x2e trustzone/trustzone_manager.o
                              0x826e7 (size before relaxing)
 .debug_str     0x00090fb8      0xa27 trustzone/trustzone_veneer.o
                              0x87e74 (size before relaxing)

.debug_frame    0x00000000     0x1fe4
 .debug_frame   0x00000000       0x28 atmel_start.o
 .debug_frame   0x00000028       0x38 Device_Startup/startup_saml11e16a.o
 .debug_frame   0x00000060       0x6c driver_init.o
 .debug_frame   0x000000cc       0x58 hal/src/hal_io.o
 .debug_frame   0x00000124      0x200 hal/src/hal_usart_sync.o
 .debug_frame   0x00000324       0x20 hal/utils/src/utils_assert.o
 .debug_frame   0x00000344       0xa8 hal/utils/src/utils_syscalls.o
 .debug_frame   0x000003ec       0x28 hpl/core/hpl_init.o
 .debug_frame   0x00000414       0x30 hpl/gclk/hpl_gclk.o
 .debug_frame   0x00000444       0x20 hpl/mclk/hpl_mclk.o
 .debug_frame   0x00000464       0x20 hpl/osc32kctrl/hpl_osc32kctrl.o
 .debug_frame   0x00000484       0x30 hpl/oscctrl/hpl_oscctrl.o
 .debug_frame   0x000004b4       0x40 hpl/pm/hpl_pm.o
 .debug_frame   0x000004f4      0xe54 hpl/sercom/hpl_sercom.o
 .debug_frame   0x00001348       0x28 kernel/init.o
 .debug_frame   0x00001370       0xc0 kernel/manager.o
 .debug_frame   0x00001430       0x40 kernel/memory.o
 .debug_frame   0x00001470       0x4c kernel/sos_port.o
 .debug_frame   0x000014bc       0x50 kernel/sos_portasm.o
 .debug_frame   0x0000150c       0x30 kernel/syscall.o
 .debug_frame   0x0000153c       0x38 kernel/test_module.o
 .debug_frame   0x00001574       0x48 main.o
 .debug_frame   0x000015bc       0x90 secure_heap.o
 .debug_frame   0x0000164c       0x28 stdio_redirect/gcc/read.o
 .debug_frame   0x00001674       0x28 stdio_redirect/gcc/write.o
 .debug_frame   0x0000169c       0x6c stdio_redirect/stdio_io.o
 .debug_frame   0x00001708       0x40 stdio_start.o
 .debug_frame   0x00001748       0xb8 trustzone/trustzone_veneer.o
 .debug_frame   0x00001800       0x2c d:/atmel studio/7.0/toolchain/arm/arm-gnu-toolchain/bin/../lib/gcc/arm-none-eabi/6.3.1/../../../../arm-none-eabi/lib/thumb/v8-m.base\libc_nano.a(lib_a-init.o)
 .debug_frame   0x0000182c       0x20 d:/atmel studio/7.0/toolchain/arm/arm-gnu-toolchain/bin/../lib/gcc/arm-none-eabi/6.3.1/../../../../arm-none-eabi/lib/thumb/v8-m.base\libc_nano.a(lib_a-memset.o)
 .debug_frame   0x0000184c       0x50 d:/atmel studio/7.0/toolchain/arm/arm-gnu-toolchain/bin/../lib/gcc/arm-none-eabi/6.3.1/../../../../arm-none-eabi/lib/thumb/v8-m.base\libc_nano.a(lib_a-printf.o)
 .debug_frame   0x0000189c       0x44 d:/atmel studio/7.0/toolchain/arm/arm-gnu-toolchain/bin/../lib/gcc/arm-none-eabi/6.3.1/../../../../arm-none-eabi/lib/thumb/v8-m.base\libc_nano.a(lib_a-puts.o)
 .debug_frame   0x000018e0       0x28 d:/atmel studio/7.0/toolchain/arm/arm-gnu-toolchain/bin/../lib/gcc/arm-none-eabi/6.3.1/../../../../arm-none-eabi/lib/thumb/v8-m.base\libc_nano.a(lib_a-setbuf.o)
 .debug_frame   0x00001908       0x30 d:/atmel studio/7.0/toolchain/arm/arm-gnu-toolchain/bin/../lib/gcc/arm-none-eabi/6.3.1/../../../../arm-none-eabi/lib/thumb/v8-m.base\libc_nano.a(lib_a-setvbuf.o)
 .debug_frame   0x00001938       0x48 d:/atmel studio/7.0/toolchain/arm/arm-gnu-toolchain/bin/../lib/gcc/arm-none-eabi/6.3.1/../../../../arm-none-eabi/lib/thumb/v8-m.base\libc_nano.a(lib_a-wbuf.o)
 .debug_frame   0x00001980       0x2c d:/atmel studio/7.0/toolchain/arm/arm-gnu-toolchain/bin/../lib/gcc/arm-none-eabi/6.3.1/../../../../arm-none-eabi/lib/thumb/v8-m.base\libc_nano.a(lib_a-wsetup.o)
 .debug_frame   0x000019ac       0x68 d:/atmel studio/7.0/toolchain/arm/arm-gnu-toolchain/bin/../lib/gcc/arm-none-eabi/6.3.1/../../../../arm-none-eabi/lib/thumb/v8-m.base\libc_nano.a(lib_a-fflush.o)
 .debug_frame   0x00001a14      0x140 d:/atmel studio/7.0/toolchain/arm/arm-gnu-toolchain/bin/../lib/gcc/arm-none-eabi/6.3.1/../../../../arm-none-eabi/lib/thumb/v8-m.base\libc_nano.a(lib_a-findfp.o)
 .debug_frame   0x00001b54       0x58 d:/atmel studio/7.0/toolchain/arm/arm-gnu-toolchain/bin/../lib/gcc/arm-none-eabi/6.3.1/../../../../arm-none-eabi/lib/thumb/v8-m.base\libc_nano.a(lib_a-fwalk.o)
 .debug_frame   0x00001bac       0x54 d:/atmel studio/7.0/toolchain/arm/arm-gnu-toolchain/bin/../lib/gcc/arm-none-eabi/6.3.1/../../../../arm-none-eabi/lib/thumb/v8-m.base\libc_nano.a(lib_a-makebuf.o)
 .debug_frame   0x00001c00       0x40 d:/atmel studio/7.0/toolchain/arm/arm-gnu-toolchain/bin/../lib/gcc/arm-none-eabi/6.3.1/../../../../arm-none-eabi/lib/thumb/v8-m.base\libc_nano.a(lib_a-malloc.o)
 .debug_frame   0x00001c40       0x2c d:/atmel studio/7.0/toolchain/arm/arm-gnu-toolchain/bin/../lib/gcc/arm-none-eabi/6.3.1/../../../../arm-none-eabi/lib/thumb/v8-m.base\libc_nano.a(lib_a-nano-freer.o)
 .debug_frame   0x00001c6c       0x2c d:/atmel studio/7.0/toolchain/arm/arm-gnu-toolchain/bin/../lib/gcc/arm-none-eabi/6.3.1/../../../../arm-none-eabi/lib/thumb/v8-m.base\libc_nano.a(lib_a-nano-mallocr.o)
 .debug_frame   0x00001c98       0x9c d:/atmel studio/7.0/toolchain/arm/arm-gnu-toolchain/bin/../lib/gcc/arm-none-eabi/6.3.1/../../../../arm-none-eabi/lib/thumb/v8-m.base\libc_nano.a(lib_a-nano-vfprintf.o)
 .debug_frame   0x00001d34       0x54 d:/atmel studio/7.0/toolchain/arm/arm-gnu-toolchain/bin/../lib/gcc/arm-none-eabi/6.3.1/../../../../arm-none-eabi/lib/thumb/v8-m.base\libc_nano.a(lib_a-nano-vfprintf_i.o)
 .debug_frame   0x00001d88       0x2c d:/atmel studio/7.0/toolchain/arm/arm-gnu-toolchain/bin/../lib/gcc/arm-none-eabi/6.3.1/../../../../arm-none-eabi/lib/thumb/v8-m.base\libc_nano.a(lib_a-sbrkr.o)
 .debug_frame   0x00001db4       0x90 d:/atmel studio/7.0/toolchain/arm/arm-gnu-toolchain/bin/../lib/gcc/arm-none-eabi/6.3.1/../../../../arm-none-eabi/lib/thumb/v8-m.base\libc_nano.a(lib_a-stdio.o)
 .debug_frame   0x00001e44       0x2c d:/atmel studio/7.0/toolchain/arm/arm-gnu-toolchain/bin/../lib/gcc/arm-none-eabi/6.3.1/../../../../arm-none-eabi/lib/thumb/v8-m.base\libc_nano.a(lib_a-writer.o)
 .debug_frame   0x00001e70       0x2c d:/atmel studio/7.0/toolchain/arm/arm-gnu-toolchain/bin/../lib/gcc/arm-none-eabi/6.3.1/../../../../arm-none-eabi/lib/thumb/v8-m.base\libc_nano.a(lib_a-closer.o)
 .debug_frame   0x00001e9c       0x2c d:/atmel studio/7.0/toolchain/arm/arm-gnu-toolchain/bin/../lib/gcc/arm-none-eabi/6.3.1/../../../../arm-none-eabi/lib/thumb/v8-m.base\libc_nano.a(lib_a-fstatr.o)
 .debug_frame   0x00001ec8       0x2c d:/atmel studio/7.0/toolchain/arm/arm-gnu-toolchain/bin/../lib/gcc/arm-none-eabi/6.3.1/../../../../arm-none-eabi/lib/thumb/v8-m.base\libc_nano.a(lib_a-isattyr.o)
 .debug_frame   0x00001ef4       0x2c d:/atmel studio/7.0/toolchain/arm/arm-gnu-toolchain/bin/../lib/gcc/arm-none-eabi/6.3.1/../../../../arm-none-eabi/lib/thumb/v8-m.base\libc_nano.a(lib_a-lseekr.o)
 .debug_frame   0x00001f20       0x20 d:/atmel studio/7.0/toolchain/arm/arm-gnu-toolchain/bin/../lib/gcc/arm-none-eabi/6.3.1/../../../../arm-none-eabi/lib/thumb/v8-m.base\libc_nano.a(lib_a-memchr-stub.o)
 .debug_frame   0x00001f40       0x30 d:/atmel studio/7.0/toolchain/arm/arm-gnu-toolchain/bin/../lib/gcc/arm-none-eabi/6.3.1/../../../../arm-none-eabi/lib/thumb/v8-m.base\libc_nano.a(lib_a-mlock.o)
 .debug_frame   0x00001f70       0x2c d:/atmel studio/7.0/toolchain/arm/arm-gnu-toolchain/bin/../lib/gcc/arm-none-eabi/6.3.1/../../../../arm-none-eabi/lib/thumb/v8-m.base\libc_nano.a(lib_a-readr.o)
 .debug_frame   0x00001f9c       0x48 d:/atmel studio/7.0/toolchain/arm/arm-gnu-toolchain/bin/../lib/gcc/arm-none-eabi/6.3.1/../../../../arm-none-eabi/lib/thumb/v8-m.base\libc_nano.a(lib_a-reent.o)
