Archive member included to satisfy reference by file (symbol)

d:/atmel studio/7.0/toolchain/arm/arm-gnu-toolchain/bin/../lib/gcc/arm-none-eabi/6.3.1/../../../../arm-none-eabi/lib/thumb/v8-m.base\libc_nano.a(lib_a-exit.o)
                              d:/atmel studio/7.0/toolchain/arm/arm-gnu-toolchain/bin/../lib/gcc/arm-none-eabi/6.3.1/../../../../arm-none-eabi/lib/thumb/v8-m.base/crt0.o (exit)
d:/atmel studio/7.0/toolchain/arm/arm-gnu-toolchain/bin/../lib/gcc/arm-none-eabi/6.3.1/../../../../arm-none-eabi/lib/thumb/v8-m.base\libc_nano.a(lib_a-impure.o)
                              d:/atmel studio/7.0/toolchain/arm/arm-gnu-toolchain/bin/../lib/gcc/arm-none-eabi/6.3.1/../../../../arm-none-eabi/lib/thumb/v8-m.base\libc_nano.a(lib_a-exit.o) (_global_impure_ptr)
d:/atmel studio/7.0/toolchain/arm/arm-gnu-toolchain/bin/../lib/gcc/arm-none-eabi/6.3.1/../../../../arm-none-eabi/lib/thumb/v8-m.base\libc_nano.a(lib_a-init.o)
                              d:/atmel studio/7.0/toolchain/arm/arm-gnu-toolchain/bin/../lib/gcc/arm-none-eabi/6.3.1/../../../../arm-none-eabi/lib/thumb/v8-m.base/crt0.o (__libc_init_array)
d:/atmel studio/7.0/toolchain/arm/arm-gnu-toolchain/bin/../lib/gcc/arm-none-eabi/6.3.1/../../../../arm-none-eabi/lib/thumb/v8-m.base\libc_nano.a(lib_a-memset.o)
                              d:/atmel studio/7.0/toolchain/arm/arm-gnu-toolchain/bin/../lib/gcc/arm-none-eabi/6.3.1/../../../../arm-none-eabi/lib/thumb/v8-m.base/crt0.o (memset)
d:/atmel studio/7.0/toolchain/arm/arm-gnu-toolchain/bin/../lib/gcc/arm-none-eabi/6.3.1/../../../../arm-none-eabi/lib/thumb/v8-m.base\libc_nano.a(lib_a-printf.o)
                              hal/utils/src/utils_syscalls.o (printf)
d:/atmel studio/7.0/toolchain/arm/arm-gnu-toolchain/bin/../lib/gcc/arm-none-eabi/6.3.1/../../../../arm-none-eabi/lib/thumb/v8-m.base\libc_nano.a(lib_a-sprintf.o)
                              tasks.o (sprintf)
d:/atmel studio/7.0/toolchain/arm/arm-gnu-toolchain/bin/../lib/gcc/arm-none-eabi/6.3.1/../../../../arm-none-eabi/lib/thumb/v8-m.base\libc_nano.a(lib_a-strcpy.o)
                              tasks.o (strcpy)
d:/atmel studio/7.0/toolchain/arm/arm-gnu-toolchain/bin/../lib/gcc/arm-none-eabi/6.3.1/../../../../arm-none-eabi/lib/thumb/v8-m.base\libc_nano.a(lib_a-strlen.o)
                              tasks.o (strlen)
d:/atmel studio/7.0/toolchain/arm/arm-gnu-toolchain/bin/../lib/gcc/arm-none-eabi/6.3.1/../../../../arm-none-eabi/lib/thumb/v8-m.base\libc_nano.a(lib_a-findfp.o)
                              d:/atmel studio/7.0/toolchain/arm/arm-gnu-toolchain/bin/../lib/gcc/arm-none-eabi/6.3.1/../../../../arm-none-eabi/lib/thumb/v8-m.base\libc_nano.a(lib_a-printf.o) (__sinit)
d:/atmel studio/7.0/toolchain/arm/arm-gnu-toolchain/bin/../lib/gcc/arm-none-eabi/6.3.1/../../../../arm-none-eabi/lib/thumb/v8-m.base\libc_nano.a(lib_a-fwalk.o)
                              d:/atmel studio/7.0/toolchain/arm/arm-gnu-toolchain/bin/../lib/gcc/arm-none-eabi/6.3.1/../../../../arm-none-eabi/lib/thumb/v8-m.base\libc_nano.a(lib_a-findfp.o) (_fwalk)
d:/atmel studio/7.0/toolchain/arm/arm-gnu-toolchain/bin/../lib/gcc/arm-none-eabi/6.3.1/../../../../arm-none-eabi/lib/thumb/v8-m.base\libc_nano.a(lib_a-nano-mallocr.o)
                              d:/atmel studio/7.0/toolchain/arm/arm-gnu-toolchain/bin/../lib/gcc/arm-none-eabi/6.3.1/../../../../arm-none-eabi/lib/thumb/v8-m.base\libc_nano.a(lib_a-findfp.o) (_malloc_r)
d:/atmel studio/7.0/toolchain/arm/arm-gnu-toolchain/bin/../lib/gcc/arm-none-eabi/6.3.1/../../../../arm-none-eabi/lib/thumb/v8-m.base\libc_nano.a(lib_a-nano-svfprintf.o)
                              d:/atmel studio/7.0/toolchain/arm/arm-gnu-toolchain/bin/../lib/gcc/arm-none-eabi/6.3.1/../../../../arm-none-eabi/lib/thumb/v8-m.base\libc_nano.a(lib_a-sprintf.o) (_svfprintf_r)
d:/atmel studio/7.0/toolchain/arm/arm-gnu-toolchain/bin/../lib/gcc/arm-none-eabi/6.3.1/../../../../arm-none-eabi/lib/thumb/v8-m.base\libc_nano.a(lib_a-nano-vfprintf.o)
                              d:/atmel studio/7.0/toolchain/arm/arm-gnu-toolchain/bin/../lib/gcc/arm-none-eabi/6.3.1/../../../../arm-none-eabi/lib/thumb/v8-m.base\libc_nano.a(lib_a-printf.o) (_vfprintf_r)
d:/atmel studio/7.0/toolchain/arm/arm-gnu-toolchain/bin/../lib/gcc/arm-none-eabi/6.3.1/../../../../arm-none-eabi/lib/thumb/v8-m.base\libc_nano.a(lib_a-nano-vfprintf_i.o)
                              d:/atmel studio/7.0/toolchain/arm/arm-gnu-toolchain/bin/../lib/gcc/arm-none-eabi/6.3.1/../../../../arm-none-eabi/lib/thumb/v8-m.base\libc_nano.a(lib_a-nano-svfprintf.o) (_printf_i)
d:/atmel studio/7.0/toolchain/arm/arm-gnu-toolchain/bin/../lib/gcc/arm-none-eabi/6.3.1/../../../../arm-none-eabi/lib/thumb/v8-m.base\libc_nano.a(lib_a-sbrkr.o)
                              d:/atmel studio/7.0/toolchain/arm/arm-gnu-toolchain/bin/../lib/gcc/arm-none-eabi/6.3.1/../../../../arm-none-eabi/lib/thumb/v8-m.base\libc_nano.a(lib_a-nano-mallocr.o) (_sbrk_r)
[...]
Memory Configuration

Name             Origin             Length             Attributes
rom              0x00008000         0x00008000         xr
ram              0x20002000         0x00002000         xrw
*default*        0x00000000         0xffffffff

Linker script and memory map

LOAD d:/atmel studio/7.0/toolchain/arm/arm-gnu-toolchain/bin/../lib/gcc/arm-none-eabi/6.3.1/thumb/v8-m.base/crti.o
LOAD d:/atmel studio/7.0/toolchain/arm/arm-gnu-toolchain/bin/../lib/gcc/arm-none-eabi/6.3.1/thumb/v8-m.base/crtbegin.o
LOAD d:/atmel studio/7.0/toolchain/arm/arm-gnu-toolchain/bin/../lib/gcc/arm-none-eabi/6.3.1/../../../../arm-none-eabi/lib/thumb/v8-m.base/crt0.o
LOAD atmel_start.o
LOAD Device_Startup/startup_saml11e16a.o
LOAD Device_Startup/system_saml11e16a.o
LOAD driver_init.o
LOAD examples/driver_examples.o
LOAD hal/src/hal_atomic.o
LOAD hal/src/hal_delay.o
LOAD hal/src/hal_gpio.o
LOAD hal/src/hal_init.o
LOAD hal/src/hal_io.o
LOAD hal/src/hal_sleep.o
LOAD hal/utils/src/utils_assert.o
LOAD hal/utils/src/utils_event.o
LOAD hal/utils/src/utils_list.o
LOAD hal/utils/src/utils_syscalls.o
LOAD heap_4.o
LOAD hpl/core/hpl_core_m23_base.o
LOAD hpl/core/hpl_init.o
LOAD hpl/dmac/hpl_dmac.o
LOAD hpl/gclk/hpl_gclk.o
LOAD hpl/mclk/hpl_mclk.o
LOAD hpl/osc32kctrl/hpl_osc32kctrl.o
LOAD hpl/oscctrl/hpl_oscctrl.o
LOAD hpl/pm/hpl_pm.o
LOAD list.o
LOAD main.o
LOAD port.o
LOAD portasm.o
LOAD tasks.o
START GROUP
LOAD ..\..\FreeRTOS-2-S\Debug/libsecure_gateway_veneer.lib
LOAD d:/atmel studio/7.0/toolchain/arm/arm-gnu-toolchain/bin/../lib/gcc/arm-none-eabi/6.3.1/../../../../arm-none-eabi/lib/thumb/v8-m.base\libm.a
END GROUP
START GROUP
LOAD d:/atmel studio/7.0/toolchain/arm/arm-gnu-toolchain/bin/../lib/gcc/arm-none-eabi/6.3.1/thumb/v8-m.base\libgcc.a
LOAD d:/atmel studio/7.0/toolchain/arm/arm-gnu-toolchain/bin/../lib/gcc/arm-none-eabi/6.3.1/../../../../arm-none-eabi/lib/thumb/v8-m.base\libc_nano.a
END GROUP
START GROUP
LOAD d:/atmel studio/7.0/toolchain/arm/arm-gnu-toolchain/bin/../lib/gcc/arm-none-eabi/6.3.1/thumb/v8-m.base\libgcc.a
LOAD d:/atmel studio/7.0/toolchain/arm/arm-gnu-toolchain/bin/../lib/gcc/arm-none-eabi/6.3.1/../../../../arm-none-eabi/lib/thumb/v8-m.base\libc_nano.a
END GROUP
LOAD d:/atmel studio/7.0/toolchain/arm/arm-gnu-toolchain/bin/../lib/gcc/arm-none-eabi/6.3.1/thumb/v8-m.base/crtend.o
LOAD d:/atmel studio/7.0/toolchain/arm/arm-gnu-toolchain/bin/../lib/gcc/arm-none-eabi/6.3.1/thumb/v8-m.base/crtn.o
                0x00000400                STACK_SIZE = DEFINED (STACK_SIZE)?STACK_SIZE:DEFINED (__stack_size__)?__stack_size__:0x400
                0x00000200                HEAP_SIZE = DEFINED (HEAP_SIZE)?HEAP_SIZE:DEFINED (__heap_size__)?__heap_size__:0x200

.text           0x00008000     0x12a0
                0x00008000                . = ALIGN (0x4)
                0x00008000                _sfixed = .
 *(.vectors .vectors.*)
 .vectors       0x00008000       0xf4 Device_Startup/startup_saml11e16a.o
                0x00008000                exception_table
 *(.text .text.* .gnu.linkonce.t.*)
 .text          0x000080f4       0x6c d:/atmel studio/7.0/toolchain/arm/arm-gnu-toolchain/bin/../lib/gcc/arm-none-eabi/6.3.1/thumb/v8-m.base/crtbegin.o
 .text.atmel_start_init
                0x00008160        0xe atmel_start.o
                0x00008160                atmel_start_init
 .text.Dummy_Handler
                0x0000816e        0x2 Device_Startup/startup_saml11e16a.o
                0x0000816e                SERCOM0_2_Handler
                0x0000816e                EVSYS_0_Handler
                0x0000816e                TRNG_Handler
                0x0000816e                HardFault_Handler
                0x0000816e                ADC_RESRDY_Handler
                0x0000816e                TC2_Handler
                0x0000816e                AC_Handler
                0x0000816e                DMAC_OTHER_Handler
                0x0000816e                EVSYS_3_Handler
                0x0000816e                NonMaskableInt_Handler
                0x0000816e                SERCOM0_OTHER_Handler
                0x0000816e                EIC_3_Handler
                0x0000816e                SERCOM0_0_Handler
                0x0000816e                RTC_Handler
                0x0000816e                SERCOM1_OTHER_Handler
                0x0000816e                EVSYS_1_Handler
                0x0000816e                DMAC_0_Handler
                0x0000816e                WDT_Handler
                0x0000816e                TRAM_Handler
                0x0000816e                EVSYS_NSCHK_Handler
                0x0000816e                TC1_Handler
                0x0000816e                DAC_EMPTY_Handler
                0x0000816e                PAC_Handler
                0x0000816e                EIC_0_Handler
                0x0000816e                Dummy_Handler
                0x0000816e                DMAC_2_Handler
                0x0000816e                SERCOM0_1_Handler
                0x0000816e                DMAC_1_Handler
                0x0000816e                SERCOM1_1_Handler
                0x0000816e                EIC_2_Handler
                0x0000816e                NVMCTRL_Handler
                0x0000816e                PORT_Handler
                0x0000816e                SYSTEM_Handler
                0x0000816e                SERCOM1_0_Handler
                0x0000816e                SERCOM2_1_Handler
                0x0000816e                SERCOM1_2_Handler
                0x0000816e                EIC_1_Handler
                0x0000816e                SERCOM2_2_Handler
                0x0000816e                PTC_Handler
                0x0000816e                EVSYS_2_Handler
                0x0000816e                SERCOM2_OTHER_Handler
                0x0000816e                FREQM_Handler
                0x0000816e                DAC_UNDERRUN_A_Handler
                0x0000816e                TC0_Handler
                0x0000816e                EIC_OTHER_Handler
                0x0000816e                ADC_OTHER_Handler
                0x0000816e                DMAC_3_Handler
                0x0000816e                SERCOM2_0_Handler
 .text.Reset_Handler
                0x00008170       0xc4 Device_Startup/startup_saml11e16a.o
                0x00008170                Reset_Handler
 .text.system_init
                0x00008234        0x2 driver_init.o
                0x00008234                system_init
 .text.delay_ms
                0x00008236       0x26 hal/src/hal_delay.o
                0x00008236                delay_ms
 .text.prvInsertBlockIntoFreeList
                0x0000825c       0x56 heap_4.o
 .text.pvPortMalloc
                0x000082b2      0x160 heap_4.o
                0x000082b2                pvPortMalloc
 .text.vPortFree
                0x00008412       0x6a heap_4.o
                0x00008412                vPortFree
 .text._get_cycles_for_ms
                0x0000847c       0x18 hpl/core/hpl_core_m23_base.o
                0x0000847c                _get_cycles_for_ms
 .text._delay_cycles
                0x00008494        0x6 hpl/core/hpl_core_m23_base.o
                0x00008494                _delay_cycles
 .text.vListInitialise
                0x0000849a       0x16 list.o
                0x0000849a                vListInitialise
 .text.vListInitialiseItem
                0x000084b0        0x6 list.o
                0x000084b0                vListInitialiseItem
 .text.vListInsertEnd
                0x000084b6       0x18 list.o
                0x000084b6                vListInsertEnd
 .text.uxListRemove
                0x000084ce       0x28 list.o
                0x000084ce                uxListRemove
 .text.vTask2   0x000084f6       0x34 main.o
 .text.vTask1   0x0000852a       0x34 main.o
 .text.main     0x0000855e       0x6e main.o
                0x0000855e                main
 .text.vApplicationStackOverflowHook
                0x000085cc        0x8 main.o
                0x000085cc                vApplicationStackOverflowHook
 .text.vApplicationGetIdleTaskMemory
                0x000085d4       0x14 main.o
                0x000085d4                vApplicationGetIdleTaskMemory
 .text.prvTaskExitError
                0x000085e8       0x24 port.o
 .text.vPortSetupTimerInterrupt
                0x0000860c       0x38 port.o
                0x0000860c                vPortSetupTimerInterrupt
 .text.vPortYield
                0x00008644       0x18 port.o
                0x00008644                vPortYield
 .text.vPortEnterCritical
                0x0000865c       0x1a port.o
                0x0000865c                vPortEnterCritical
 .text.vPortExitCritical
                0x00008676       0x26 port.o
                0x00008676                vPortExitCritical
 .text.SysTick_Handler
                0x0000869c       0x36 port.o
                0x0000869c                SysTick_Handler
 .text.vPortSVCHandler_C
                0x000086d2       0x78 port.o
                0x000086d2                vPortSVCHandler_C
 .text.pxPortInitialiseStack
                0x0000874a       0xc6 port.o
                0x0000874a                pxPortInitialiseStack
 .text.xPortStartScheduler
                0x00008810       0x56 port.o
                0x00008810                xPortStartScheduler
 *fill*         0x00008866        0xa 
 .text.vRestoreContextOfFirstTask
                0x00008870       0x38 portasm.o
                0x00008870                vRestoreContextOfFirstTask
 *fill*         0x000088a8        0x8 
 .text.vStartFirstTask
                0x000088b0       0x24 portasm.o
                0x000088b0                vStartFirstTask
 .text.ulSetInterruptMask
                0x000088d4        0x8 portasm.o
                0x000088d4                ulSetInterruptMask
 .text.vClearInterruptMask
                0x000088dc        0x6 portasm.o
                0x000088dc                vClearInterruptMask
 *fill*         0x000088e2        0xe 
 .text.PendSV_Handler
                0x000088f0       0x98 portasm.o
                0x000088f0                PendSV_Handler
 *fill*         0x00008988        0x8 
 .text.SVCall_Handler
                0x00008990       0x24 portasm.o
                0x00008990                SVCall_Handler
 .text.vPortAllocateSecureContext
                0x000089b4        0x4 portasm.o
                0x000089b4                vPortAllocateSecureContext
 .text.vPortFreeSecureContext
                0x000089b8        0xe portasm.o
                0x000089b8                vPortFreeSecureContext
 .text.prvGetExpectedIdleTime
                0x000089c6       0x36 tasks.o
 .text.prvResetNextTaskUnblockTime
                0x000089fc       0x32 tasks.o
 .text.prvInitialiseNewTask
                0x00008a2e       0xba tasks.o
 .text.prvAddNewTaskToReadyList
                0x00008ae8      0x14a tasks.o
 .text.prvDeleteTCB
                0x00008c32       0x40 tasks.o
 .text.xTaskCreateStatic
                0x00008c72       0x56 tasks.o
                0x00008c72                xTaskCreateStatic
 .text.xTaskCreate
                0x00008cc8       0x76 tasks.o
                0x00008cc8                xTaskCreate
 .text.vTaskStartScheduler
                0x00008d3e       0x74 tasks.o
                0x00008d3e                vTaskStartScheduler
 .text.vTaskSuspendAll
                0x00008db2       0x10 tasks.o
                0x00008db2                vTaskSuspendAll
 .text.xTaskIncrementTick
                0x00008dc2      0x148 tasks.o
                0x00008dc2                xTaskIncrementTick
 .text.xTaskResumeAll
                0x00008f0a      0x116 tasks.o
                0x00008f0a                xTaskResumeAll
 .text.prvIdleTask
                0x00009020       0xc0 tasks.o
 .text.vTaskSwitchContext
                0x000090e0      0x118 tasks.o
                0x000090e0                vTaskSwitchContext
 .text.__libc_init_array
                0x000091f8       0x50 d:/atmel studio/7.0/toolchain/arm/arm-gnu-toolchain/bin/../lib/gcc/arm-none-eabi/6.3.1/../../../../arm-none-eabi/lib/thumb/v8-m.base\libc_nano.a(lib_a-init.o)
                0x000091f8                __libc_init_array
 .text.memset   0x00009248       0x10 d:/atmel studio/7.0/toolchain/arm/arm-gnu-toolchain/bin/../lib/gcc/arm-none-eabi/6.3.1/../../../../arm-none-eabi/lib/thumb/v8-m.base\libc_nano.a(lib_a-memset.o)
                0x00009248                memset
 *(.glue_7t)
 .glue_7t       0x00009258        0x0 linker stubs
 *(.glue_7)
 .glue_7        0x00009258        0x0 linker stubs
 *(.rodata .rodata* .gnu.linkonce.r.*)
 .rodata.str1.4
                0x00009258        0xf main.o
 *fill*         0x00009267        0x1 
 .rodata.str1.4
                0x00009268       0x18 tasks.o
                                 0x17 (size before relaxing)
 *(.ARM.extab* .gnu.linkonce.armextab.*)
                0x00009280                . = ALIGN (0x4)
 *(.init)
 .init          0x00009280        0x4 d:/atmel studio/7.0/toolchain/arm/arm-gnu-toolchain/bin/../lib/gcc/arm-none-eabi/6.3.1/thumb/v8-m.base/crti.o
                0x00009280                _init
 .init          0x00009284        0x8 d:/atmel studio/7.0/toolchain/arm/arm-gnu-toolchain/bin/../lib/gcc/arm-none-eabi/6.3.1/thumb/v8-m.base/crtn.o
                0x0000928c                . = ALIGN (0x4)
                0x0000928c                __preinit_array_start = .
 *(.preinit_array)
                0x0000928c                __preinit_array_end = .
                0x0000928c                . = ALIGN (0x4)
                0x0000928c                __init_array_start = .
 *(SORT(.init_array.*))
 *(.init_array)
 .init_array    0x0000928c        0x4 d:/atmel studio/7.0/toolchain/arm/arm-gnu-toolchain/bin/../lib/gcc/arm-none-eabi/6.3.1/thumb/v8-m.base/crtbegin.o
                0x00009290                __init_array_end = .
                0x00009290                . = ALIGN (0x4)
 *crtbegin.o(.ctors)
 *(EXCLUDE_FILE(*crtend.o) .ctors)
 *(SORT(.ctors.*))
 *crtend.o(.ctors)
                0x00009290                . = ALIGN (0x4)
 *(.fini)
 .fini          0x00009290        0x4 d:/atmel studio/7.0/toolchain/arm/arm-gnu-toolchain/bin/../lib/gcc/arm-none-eabi/6.3.1/thumb/v8-m.base/crti.o
                0x00009290                _fini
 .fini          0x00009294        0x8 d:/atmel studio/7.0/toolchain/arm/arm-gnu-toolchain/bin/../lib/gcc/arm-none-eabi/6.3.1/thumb/v8-m.base/crtn.o
                0x0000929c                . = ALIGN (0x4)
                0x0000929c                __fini_array_start = .
 *(.fini_array)
 .fini_array    0x0000929c        0x4 d:/atmel studio/7.0/toolchain/arm/arm-gnu-toolchain/bin/../lib/gcc/arm-none-eabi/6.3.1/thumb/v8-m.base/crtbegin.o
 *(SORT(.fini_array.*))
                0x000092a0                __fini_array_end = .
 *crtbegin.o(.dtors)
 *(EXCLUDE_FILE(*crtend.o) .dtors)
 *(SORT(.dtors.*))
 *crtend.o(.dtors)
                0x000092a0                . = ALIGN (0x4)
                0x000092a0                _efixed = .
                [!provide]                PROVIDE (__exidx_start, .)

.vfp11_veneer   0x000092a0        0x0
 .vfp11_veneer  0x000092a0        0x0 linker stubs

.v4_bx          0x000092a0        0x0
 .v4_bx         0x000092a0        0x0 linker stubs

.iplt           0x000092a0        0x0
 .iplt          0x000092a0        0x0 d:/atmel studio/7.0/toolchain/arm/arm-gnu-toolchain/bin/../lib/gcc/arm-none-eabi/6.3.1/thumb/v8-m.base/crtbegin.o

.eh_frame       0x000092a0        0x0
 .eh_frame      0x000092a0        0x0 d:/atmel studio/7.0/toolchain/arm/arm-gnu-toolchain/bin/../lib/gcc/arm-none-eabi/6.3.1/thumb/v8-m.base/crtbegin.o

.rel.dyn        0x000092a0        0x0
 .rel.iplt      0x000092a0        0x0 d:/atmel studio/7.0/toolchain/arm/arm-gnu-toolchain/bin/../lib/gcc/arm-none-eabi/6.3.1/thumb/v8-m.base/crtbegin.o

.jcr            0x000092a0        0x0
 .jcr           0x000092a0        0x0 d:/atmel studio/7.0/toolchain/arm/arm-gnu-toolchain/bin/../lib/gcc/arm-none-eabi/6.3.1/thumb/v8-m.base/crtbegin.o

.igot.plt       0x000092a0        0x0
 .igot.plt      0x000092a0        0x0 d:/atmel studio/7.0/toolchain/arm/arm-gnu-toolchain/bin/../lib/gcc/arm-none-eabi/6.3.1/thumb/v8-m.base/crtbegin.o

.ARM.exidx
 *(.ARM.exidx* .gnu.linkonce.armexidx.*)
                [!provide]                PROVIDE (__exidx_end, .)
                0x000092a0                . = ALIGN (0x4)
                0x000092a0                _etext = .

.relocate       0x20002000        0x8 load address 0x000092a0
                0x20002000                . = ALIGN (0x4)
                0x20002000                _srelocate = .
 *(.ramfunc .ramfunc.*)
 *(.data .data.*)
 .data          0x20002000        0x4 Device_Startup/system_saml11e16a.o
                0x20002000                SystemCoreClock
 .data          0x20002004        0x4 port.o
                0x20002008                . = ALIGN (0x4)
                0x20002008                _erelocate = .

.bss            0x20002020     0x1604 load address 0x000092c0
                0x20002020                . = ALIGN (0x4)
                0x20002020                _sbss = .
                0x20002020                _szero = .
 *(.bss .bss.*)
 .bss           0x20002020       0x1c d:/atmel studio/7.0/toolchain/arm/arm-gnu-toolchain/bin/../lib/gcc/arm-none-eabi/6.3.1/thumb/v8-m.base/crtbegin.o
 .bss           0x2000203c        0x4 hal/src/hal_delay.o
 .bss           0x20002040     0x1020 heap_4.o
 .bss           0x20003060      0x4c0 main.o
 .bss           0x20003520        0x4 port.o
                0x20003520                xSecureContext
 .bss           0x20003524      0x100 tasks.o
                0x20003528                pxCurrentTCB
 *(COMMON)
                0x20003624                . = ALIGN (0x4)
                0x20003624                _ebss = .
                0x20003624                _ezero = .

.heap           0x20003624      0x204 load address 0x0000a8c4
                0x20003628                . = ALIGN (0x8)
 *fill*         0x20003624        0x4 
                0x20003628                _sheap = .
                0x20003828                . = (. + HEAP_SIZE)
 *fill*         0x20003628      0x200 
                0x20003828                . = ALIGN (0x8)
                0x20003828                _eheap = .

.stack          0x20003828      0x400 load address 0x0000aac8
                0x20003828                . = ALIGN (0x8)
                0x20003828                _sstack = .
                0x20003c28                . = (. + STACK_SIZE)
 *fill*         0x20003828      0x400 
                0x20003c28                . = ALIGN (0x8)
                0x20003c28                _estack = .
                0x20003c28                . = ALIGN (0x4)
                0x20003c28                _end = .
                0x20003fff                _ram_end_ = ((ORIGIN (ram) + LENGTH (ram)) - 0x1)
OUTPUT(FreeRTOS-2-NS.elf elf32-littlearm)

.ARM.attributes
                0x00000000       0x2c
 .ARM.attributes
                0x00000000       0x22 d:/atmel studio/7.0/toolchain/arm/arm-gnu-toolchain/bin/../lib/gcc/arm-none-eabi/6.3.1/thumb/v8-m.base/crti.o
 .ARM.attributes
                0x00000022       0x30 d:/atmel studio/7.0/toolchain/arm/arm-gnu-toolchain/bin/../lib/gcc/arm-none-eabi/6.3.1/thumb/v8-m.base/crtbegin.o
 .ARM.attributes
                0x00000052       0x32 atmel_start.o
 .ARM.attributes
                0x00000084       0x32 Device_Startup/startup_saml11e16a.o
 .ARM.attributes
                0x000000b6       0x32 Device_Startup/system_saml11e16a.o
 .ARM.attributes
                0x000000e8       0x32 driver_init.o
 .ARM.attributes
                0x0000011a       0x32 hal/src/hal_delay.o
 .ARM.attributes
                0x0000014c       0x32 heap_4.o
 .ARM.attributes
                0x0000017e       0x32 hpl/core/hpl_core_m23_base.o
 .ARM.attributes
                0x000001b0       0x32 list.o
 .ARM.attributes
                0x000001e2       0x32 main.o
 .ARM.attributes
                0x00000214       0x32 port.o
 .ARM.attributes
                0x00000246       0x32 portasm.o
 .ARM.attributes
                0x00000278       0x32 tasks.o
 .ARM.attributes
                0x000002aa       0x30 d:/atmel studio/7.0/toolchain/arm/arm-gnu-toolchain/bin/../lib/gcc/arm-none-eabi/6.3.1/../../../../arm-none-eabi/lib/thumb/v8-m.base\libc_nano.a(lib_a-init.o)
 .ARM.attributes
                0x000002da       0x30 d:/atmel studio/7.0/toolchain/arm/arm-gnu-toolchain/bin/../lib/gcc/arm-none-eabi/6.3.1/../../../../arm-none-eabi/lib/thumb/v8-m.base\libc_nano.a(lib_a-memset.o)
 .ARM.attributes
                0x0000030a       0x22 d:/atmel studio/7.0/toolchain/arm/arm-gnu-toolchain/bin/../lib/gcc/arm-none-eabi/6.3.1/thumb/v8-m.base/crtn.o

.comment        0x00000000       0x59
 .comment       0x00000000       0x59 atmel_start.o
                                 0x5a (size before relaxing)
 .comment       0x00000059       0x5a Device_Startup/startup_saml11e16a.o
 .comment       0x00000059       0x5a Device_Startup/system_saml11e16a.o
 .comment       0x00000059       0x5a driver_init.o
 .comment       0x00000059       0x5a hal/src/hal_delay.o
 .comment       0x00000059       0x5a heap_4.o
 .comment       0x00000059       0x5a hpl/core/hpl_core_m23_base.o
 .comment       0x00000059       0x5a list.o
 .comment       0x00000059       0x5a main.o
 .comment       0x00000059       0x5a port.o
 .comment       0x00000059       0x5a portasm.o
 .comment       0x00000059       0x5a tasks.o

.debug_info     0x00000000     0x6c98
 .debug_info    0x00000000       0xcf atmel_start.o
 .debug_info    0x000000cf      0x5f4 Device_Startup/startup_saml11e16a.o
 .debug_info    0x000006c3       0xd5 Device_Startup/system_saml11e16a.o
 .debug_info    0x00000798       0xff driver_init.o
 .debug_info    0x00000897      0x1dc hal/src/hal_delay.o
 .debug_info    0x00000a73      0xe2d heap_4.o
 .debug_info    0x000018a0      0x8db hpl/core/hpl_core_m23_base.o
 .debug_info    0x0000217b      0xbe9 list.o
 .debug_info    0x00002d64      0x654 main.o
 .debug_info    0x000033b8      0x437 port.o
 .debug_info    0x000037ef      0x1d9 portasm.o
 .debug_info    0x000039c8     0x32d0 tasks.o

.debug_abbrev   0x00000000     0x1404
 .debug_abbrev  0x00000000       0x84 atmel_start.o
 .debug_abbrev  0x00000084      0x14f Device_Startup/startup_saml11e16a.o
 .debug_abbrev  0x000001d3       0x72 Device_Startup/system_saml11e16a.o
 .debug_abbrev  0x00000245       0x9d driver_init.o
 .debug_abbrev  0x000002e2       0xe1 hal/src/hal_delay.o
 .debug_abbrev  0x000003c3      0x300 heap_4.o
 .debug_abbrev  0x000006c3      0x2a8 hpl/core/hpl_core_m23_base.o
 .debug_abbrev  0x0000096b      0x221 list.o
 .debug_abbrev  0x00000b8c      0x1e2 main.o
 .debug_abbrev  0x00000d6e      0x192 port.o
 .debug_abbrev  0x00000f00       0xf2 portasm.o
 .debug_abbrev  0x00000ff2      0x412 tasks.o

.debug_loc      0x00000000     0x336f
 .debug_loc     0x00000000       0x20 atmel_start.o
 .debug_loc     0x00000020       0x40 Device_Startup/startup_saml11e16a.o
 .debug_loc     0x00000060       0x21 driver_init.o
 .debug_loc     0x00000081       0xc3 hal/src/hal_delay.o
 .debug_loc     0x00000144      0x43e heap_4.o
 .debug_loc     0x00000582      0x1e3 hpl/core/hpl_core_m23_base.o
 .debug_loc     0x00000765       0x72 list.o
 .debug_loc     0x000007d7       0xc6 main.o
 .debug_loc     0x0000089d      0x468 port.o
 .debug_loc     0x00000d05     0x266a tasks.o

.debug_aranges  0x00000000      0x4f0
 .debug_aranges
                0x00000000       0x20 atmel_start.o
 .debug_aranges
                0x00000020       0x28 Device_Startup/startup_saml11e16a.o
 .debug_aranges
                0x00000048       0x28 Device_Startup/system_saml11e16a.o
 .debug_aranges
                0x00000070       0x28 driver_init.o
 .debug_aranges
                0x00000098       0x38 hal/src/hal_delay.o
 .debug_aranges
                0x000000d0       0x50 heap_4.o
 .debug_aranges
                0x00000120       0x80 hpl/core/hpl_core_m23_base.o
 .debug_aranges
                0x000001a0       0x40 list.o
 .debug_aranges
                0x000001e0       0x48 main.o
 .debug_aranges
                0x00000228       0x70 port.o
 .debug_aranges
                0x00000298       0x70 portasm.o
 .debug_aranges
                0x00000308      0x1e8 tasks.o

.debug_ranges   0x00000000      0x5b0
 .debug_ranges  0x00000000       0x10 atmel_start.o
 .debug_ranges  0x00000010       0x18 Device_Startup/startup_saml11e16a.o
 .debug_ranges  0x00000028       0x18 Device_Startup/system_saml11e16a.o
 .debug_ranges  0x00000040       0x18 driver_init.o
 .debug_ranges  0x00000058       0x28 hal/src/hal_delay.o
 .debug_ranges  0x00000080       0x40 heap_4.o
 .debug_ranges  0x000000c0       0x70 hpl/core/hpl_core_m23_base.o
 .debug_ranges  0x00000130       0x30 list.o
 .debug_ranges  0x00000160       0x38 main.o
 .debug_ranges  0x00000198       0x60 port.o
 .debug_ranges  0x000001f8       0x60 portasm.o
 .debug_ranges  0x00000258      0x358 tasks.o

.debug_macro    0x00000000    0x1722b
 .debug_macro   0x00000000      0x510 atmel_start.o
 .debug_macro   0x00000510      0x8b6 atmel_start.o
 .debug_macro   0x00000dc6      0x16d atmel_start.o
 .debug_macro   0x00000f33       0x22 atmel_start.o
 .debug_macro   0x00000f55       0x87 atmel_start.o
 .debug_macro   0x00000fdc       0x51 atmel_start.o
 .debug_macro   0x0000102d       0xef atmel_start.o
 .debug_macro   0x0000111c       0x6a atmel_start.o
 .debug_macro   0x00001186      0x1df atmel_start.o
 .debug_macro   0x00001365       0x22 atmel_start.o
 .debug_macro   0x00001387       0xde atmel_start.o
 .debug_macro   0x00001465       0x1c atmel_start.o
 .debug_macro   0x00001481       0x22 atmel_start.o
 .debug_macro   0x000014a3       0xb5 atmel_start.o
 .debug_macro   0x00001558      0xa67 atmel_start.o
 .debug_macro   0x00001fbf       0x5e atmel_start.o
 .debug_macro   0x0000201d      0x894 atmel_start.o
 .debug_macro   0x000028b1      0xb83 atmel_start.o
 .debug_macro   0x00003434      0x3e0 atmel_start.o
 .debug_macro   0x00003814      0x373 atmel_start.o
 .debug_macro   0x00003b87      0xf2c atmel_start.o
 .debug_macro   0x00004ab3      0x834 atmel_start.o
 .debug_macro   0x000052e7      0x814 atmel_start.o
 .debug_macro   0x00005afb      0xbf2 atmel_start.o
 .debug_macro   0x000066ed      0x20d atmel_start.o
 .debug_macro   0x000068fa      0x2b1 atmel_start.o
 .debug_macro   0x00006bab      0x113 atmel_start.o
 .debug_macro   0x00006cbe      0x532 atmel_start.o
 .debug_macro   0x000071f0      0xfd0 atmel_start.o
 .debug_macro   0x000081c0      0x267 atmel_start.o
 .debug_macro   0x00008427      0xb82 atmel_start.o
 .debug_macro   0x00008fa9      0x370 atmel_start.o
 .debug_macro   0x00009319      0xe6d atmel_start.o
 .debug_macro   0x0000a186      0x292 atmel_start.o
 .debug_macro   0x0000a418      0x5b7 atmel_start.o
 .debug_macro   0x0000a9cf       0x1c atmel_start.o
 .debug_macro   0x0000a9eb       0x9a atmel_start.o
 .debug_macro   0x0000aa85     0x231e atmel_start.o
 .debug_macro   0x0000cda3     0x15b1 atmel_start.o
 .debug_macro   0x0000e354      0x9c1 atmel_start.o
 .debug_macro   0x0000ed15      0xbee atmel_start.o
 .debug_macro   0x0000f903      0x2b4 atmel_start.o
 .debug_macro   0x0000fbb7      0x13d atmel_start.o
 .debug_macro   0x0000fcf4      0x41d atmel_start.o
 .debug_macro   0x00010111       0x88 atmel_start.o
 .debug_macro   0x00010199       0xb2 atmel_start.o
 .debug_macro   0x0001024b       0x46 atmel_start.o
 .debug_macro   0x00010291       0x5e atmel_start.o
 .debug_macro   0x000102ef       0xdc atmel_start.o
 .debug_macro   0x000103cb       0xe8 atmel_start.o
 .debug_macro   0x000104b3       0x94 atmel_start.o
 .debug_macro   0x00010547      0x2a2 atmel_start.o
 .debug_macro   0x000107e9       0x52 atmel_start.o
 .debug_macro   0x0001083b       0xf4 atmel_start.o
 .debug_macro   0x0001092f       0xbe atmel_start.o
 .debug_macro   0x000109ed       0x52 atmel_start.o
 .debug_macro   0x00010a3f       0xe2 atmel_start.o
 .debug_macro   0x00010b21       0x3a atmel_start.o
 .debug_macro   0x00010b5b       0xb8 atmel_start.o
 .debug_macro   0x00010c13       0x4c atmel_start.o
 .debug_macro   0x00010c5f       0x82 atmel_start.o
 .debug_macro   0x00010ce1       0x46 atmel_start.o
 .debug_macro   0x00010d27       0xb8 atmel_start.o
 .debug_macro   0x00010ddf       0x34 atmel_start.o
 .debug_macro   0x00010e13       0x22 atmel_start.o
 .debug_macro   0x00010e35      0x14b atmel_start.o
 .debug_macro   0x00010f80      0x189 atmel_start.o
 .debug_macro   0x00011109      0x189 atmel_start.o
 .debug_macro   0x00011292      0x189 atmel_start.o
 .debug_macro   0x0001141b       0x58 atmel_start.o
 .debug_macro   0x00011473      0x11f atmel_start.o
 .debug_macro   0x00011592      0x11f atmel_start.o
 .debug_macro   0x000116b1      0x11f atmel_start.o
 .debug_macro   0x000117d0      0x209 atmel_start.o
 .debug_macro   0x000119d9       0x34 atmel_start.o
 .debug_macro   0x00011a0d       0x40 atmel_start.o
 .debug_macro   0x00011a4d      0x38b atmel_start.o
 .debug_macro   0x00011dd8     0x1884 atmel_start.o
 .debug_macro   0x0001365c      0x31b atmel_start.o
 .debug_macro   0x00013977       0x10 atmel_start.o
 .debug_macro   0x00013987       0x10 atmel_start.o
 .debug_macro   0x00013997       0x16 atmel_start.o
 .debug_macro   0x000139ad       0x16 atmel_start.o
 .debug_macro   0x000139c3       0x16 atmel_start.o
 .debug_macro   0x000139d9       0x16 atmel_start.o
 .debug_macro   0x000139ef       0x16 atmel_start.o
 .debug_macro   0x00013a05       0x16 atmel_start.o
 .debug_macro   0x00013a1b       0x16 atmel_start.o
 .debug_macro   0x00013a31       0x16 atmel_start.o
 .debug_macro   0x00013a47       0x16 atmel_start.o
 .debug_macro   0x00013a5d       0x16 atmel_start.o
 .debug_macro   0x00013a73       0x16 atmel_start.o
 .debug_macro   0x00013a89       0x16 atmel_start.o
 .debug_macro   0x00013a9f       0x16 atmel_start.o
 .debug_macro   0x00013ab5       0x16 atmel_start.o
 .debug_macro   0x00013acb       0x16 atmel_start.o
 .debug_macro   0x00013ae1       0x16 atmel_start.o
 .debug_macro   0x00013af7       0x16 atmel_start.o
 .debug_macro   0x00013b0d       0x16 atmel_start.o
 .debug_macro   0x00013b23       0x16 atmel_start.o
 .debug_macro   0x00013b39       0x16 atmel_start.o
 .debug_macro   0x00013b4f       0x16 atmel_start.o
 .debug_macro   0x00013b65       0x16 atmel_start.o
 .debug_macro   0x00013b7b       0x16 atmel_start.o
 .debug_macro   0x00013b91       0x16 atmel_start.o
 .debug_macro   0x00013ba7       0x16 atmel_start.o
 .debug_macro   0x00013bbd       0xca atmel_start.o
 .debug_macro   0x00013c87       0x1c atmel_start.o
 .debug_macro   0x00013ca3       0x16 atmel_start.o
 .debug_macro   0x00013cb9       0x10 atmel_start.o
 .debug_macro   0x00013cc9       0x3a atmel_start.o
 .debug_macro   0x00013d03       0x40 atmel_start.o
 .debug_macro   0x00013d43      0x324 Device_Startup/startup_saml11e16a.o
 .debug_macro   0x00014067       0xd8 Device_Startup/startup_saml11e16a.o
 .debug_macro   0x0001413f      0x32a Device_Startup/system_saml11e16a.o
 .debug_macro   0x00014469      0x518 driver_init.o
 .debug_macro   0x00014981       0x10 driver_init.o
 .debug_macro   0x00014991       0xc9 driver_init.o
 .debug_macro   0x00014a5a      0x49c hal/src/hal_delay.o
 .debug_macro   0x00014ef6      0x1a3 heap_4.o
 .debug_macro   0x00015099       0x16 heap_4.o
 .debug_macro   0x000150af      0x10e heap_4.o
 .debug_macro   0x000151bd       0x86 heap_4.o
 .debug_macro   0x00015243       0x16 heap_4.o
 .debug_macro   0x00015259       0x29 heap_4.o
 .debug_macro   0x00015282      0x182 heap_4.o
 .debug_macro   0x00015404      0x15a heap_4.o
 .debug_macro   0x0001555e      0x1bf heap_4.o
 .debug_macro   0x0001571d       0x26 heap_4.o
 .debug_macro   0x00015743      0x472 heap_4.o
 .debug_macro   0x00015bb5       0xb5 heap_4.o
 .debug_macro   0x00015c6a       0xaa heap_4.o
 .debug_macro   0x00015d14      0x4c1 hpl/core/hpl_core_m23_base.o
 .debug_macro   0x000161d5      0x17c list.o
 .debug_macro   0x00016351      0x59d main.o
 .debug_macro   0x000168ee      0x182 main.o
 .debug_macro   0x00016a70      0x2e9 port.o
 .debug_macro   0x00016d59       0x10 port.o
 .debug_macro   0x00016d69       0xd3 portasm.o
 .debug_macro   0x00016e3c      0x31c tasks.o
 .debug_macro   0x00017158       0x16 tasks.o
 .debug_macro   0x0001716e       0x91 tasks.o
 .debug_macro   0x000171ff       0x10 tasks.o
 .debug_macro   0x0001720f       0x1c tasks.o

.debug_line     0x00000000     0x5d1a
 .debug_line    0x00000000      0x998 atmel_start.o
 .debug_line    0x00000998      0x64c Device_Startup/startup_saml11e16a.o
 .debug_line    0x00000fe4      0x63d Device_Startup/system_saml11e16a.o
 .debug_line    0x00001621      0x9bf driver_init.o
 .debug_line    0x00001fe0      0x904 hal/src/hal_delay.o
 .debug_line    0x000028e4      0x44b heap_4.o
 .debug_line    0x00002d2f      0xa74 hpl/core/hpl_core_m23_base.o
 .debug_line    0x000037a3      0x391 list.o
 .debug_line    0x00003b34      0xb05 main.o
 .debug_line    0x00004639      0x3f4 port.o
 .debug_line    0x00004a2d      0x34a portasm.o
 .debug_line    0x00004d77      0xfa3 tasks.o

.debug_str      0x00000000    0x8bdd7
 .debug_str     0x00000000    0x7f85e atmel_start.o
                              0x7fd97 (size before relaxing)
 .debug_str     0x0007f85e      0x519 Device_Startup/startup_saml11e16a.o
                              0x7edcc (size before relaxing)
 .debug_str     0x0007fd77       0x60 Device_Startup/system_saml11e16a.o
                              0x7e8cb (size before relaxing)
 .debug_str     0x0007fdd7      0x4f8 driver_init.o
                              0x80276 (size before relaxing)
 .debug_str     0x000802cf       0xc1 hal/src/hal_delay.o
                              0x7f960 (size before relaxing)
 .debug_str     0x00080390     0x7282 heap_4.o
                               0xaa2d (size before relaxing)
 .debug_str     0x00087612      0x479 hpl/core/hpl_core_m23_base.o
                              0x80390 (size before relaxing)
 .debug_str     0x00087a8b      0x117 list.o
                               0xa126 (size before relaxing)
 .debug_str     0x00087ba2      0x308 main.o
                              0x84269 (size before relaxing)
 .debug_str     0x00087eaa      0xf70 port.o
                               0x8960 (size before relaxing)
 .debug_str     0x00088e1a       0x74 portasm.o
                               0x6c1b (size before relaxing)
 .debug_str     0x00088e8e     0x2f49 tasks.o
                               0xdaa9 (size before relaxing)

.debug_frame    0x00000000      0xbcc
 .debug_frame   0x00000000       0x28 atmel_start.o
 .debug_frame   0x00000028       0x38 Device_Startup/startup_saml11e16a.o
 .debug_frame   0x00000060       0x30 Device_Startup/system_saml11e16a.o
 .debug_frame   0x00000090       0x30 driver_init.o
 .debug_frame   0x000000c0       0x68 hal/src/hal_delay.o
 .debug_frame   0x00000128       0xb4 heap_4.o
 .debug_frame   0x000001dc       0xec hpl/core/hpl_core_m23_base.o
 .debug_frame   0x000002c8       0x6c list.o
 .debug_frame   0x00000334       0x98 main.o
 .debug_frame   0x000003cc       0xe8 port.o
 .debug_frame   0x000004b4       0xc0 portasm.o
 .debug_frame   0x00000574      0x60c tasks.o
 .debug_frame   0x00000b80       0x2c d:/atmel studio/7.0/toolchain/arm/arm-gnu-toolchain/bin/../lib/gcc/arm-none-eabi/6.3.1/../../../../arm-none-eabi/lib/thumb/v8-m.base\libc_nano.a(lib_a-init.o)
 .debug_frame   0x00000bac       0x20 d:/atmel studio/7.0/toolchain/arm/arm-gnu-toolchain/bin/../lib/gcc/arm-none-eabi/6.3.1/../../../../arm-none-eabi/lib/thumb/v8-m.base\libc_nano.a(lib_a-memset.o)
